0000f800 T start16
0000f831 t ff
0000f83a t code32start
0000f840 t idt_ptr
0000f846 t gdt_ptr
0000f850 T gdt_rom
0000fff0 t reset_vector
fff00000 A __text_start
fff00000 T _x86boot_start
fff0001c T _start
fff0003f T car_init_ret
fff00076 T board_init_f_r_trampoline
fff00082 t die
fff00088 W car_uninit
fff00089 t blank_idt_ptr
fff00090 t multiboot_header
fff000b0 T efi_reset_system
fff000b0 d __efi_runtime_start
fff000c8 T efi_memcpy_runtime
fff000de T efi_update_table_header_crc32
fff00100 W efi_get_time
fff00106 W efi_set_time
fff0010c T efi_update_capsule_unsupported
fff00112 T efi_query_capsule_caps_unsupported
fff00118 T efi_convert_pointer
fff001c2 t efi_unimplemented
fff001c8 t efi_set_virtual_address_map_runtime
fff001ce t efi_convert_pointer_runtime
fff001d4 T efi_runtime_detach
fff0021a T efi_runtime_relocate
fff00320 T efi_get_variable_runtime
fff00353 T efi_get_next_variable_name_runtime
fff00364 T efi_var_mem_find
fff00438 t efi_var_mem_compare
fff00498 T efi_var_mem_del
fff00505 T efi_var_mem_ins
fff005e5 T efi_var_mem_free
fff005f6 t efi_var_mem_notify_virtual_address_map
fff00618 T efi_get_variable_mem
fff006a1 T efi_get_next_variable_name_mem
fff0073a T efi_get_variable_int
fff0073f T efi_get_next_variable_name_int
fff00744 T efi_query_variable_info_runtime
fff0074a t efi_set_variable_runtime
fff00750 T u16_strnlen
fff0076a T crc32_no_comp
fff00823 T crc32
fff00834 t crc_table
fff00c34 t efi_events
fff00c3c t systab
fff00c84 t firmware_vendor
fff00c9c t efi_runtime_mmio
fff00ca4 t efi_runtime_services
fff00cf4 t efi_virtmap
fff00cf8 t efi_descriptor_count
fff00cfc t efi_descriptor_size
fff00d00 t efi_runtime_relocate.lastoff
fff00d04 t efi_var_buf
fff00d08 t efi_current_var
fff00d0c d __efi_runtime_stop
fff00d10 T x86_init_cache
fff00d10 W init_cache
fff00d1e T flush_cache
fff00d21 T flush_dcache_range
fff00d22 T cpu_vendor_name
fff00d39 T cpu_get_name
fff00d83 W board_final_init
fff00d84 W board_final_cleanup
fff00d85 T last_stage_init
fff00dca T cpu_init_r
fff00e2a T reserve_arch
fff00e4c T cpu_x86_bind
fff00ea5 T cpu_x86_get_vendor
fff00ee0 T cpu_x86_get_desc
fff00f0d T cpu_x86_get_count
fff00f98 T microcode_read_rev
fff00fb6 T car_init
fff00fc7 T qemu_get_low_memory_size
fff00fe7 T qemu_get_high_memory_size
fff0100b T dram_init
fff0105a T dram_init_banksize
fff010d2 T board_get_usable_ram_top
fff010f2 T arch_cpu_init
fff010fb T checkcpu
fff010fe T arch_early_init_r
fff01248 T arch_misc_init
fff01260 T mp_determine_pci_dstirq
fff012a9 T cpu_qemu_get_desc
fff012c3 t cpu_qemu_get_count
fff012e0 T install_e820_map
fff013e0 T lapic_read
fff013e7 T lapic_write
fff013ee T enable_lapic
fff0140d T lapicid
fff01416 T lapic_setup
fff01488 T io_apic_read
fff01493 T qemu_cpu_fixup
fff01612 T pirq_check_irq_routed
fff016c5 T pirq_translate_link
fff01705 T pirq_assign_irq
fff017ad T irq_router_probe
fff01bd9 T mp_run_on_cpus
fff01c25 t get_bsp
fff01c94 T mp_first_cpu
fff01cef T mp_next_cpu
fff01cf5 T mp_init
fff020b4 t find_cpu_by_apic_id
fff02110 t mp_init_cpu
fff0213f t ap_wait_for_instruction
fff02142 t ap_init
fff021c3 t apic_wait_timeout
fff0220a T mtrr_open
fff02252 T mtrr_close
fff0228c T mtrr_read_all
fff022d6 T mtrr_get_var_count
fff022e1 T mtrr_write_all
fff02349 T mtrr_commit
fff02442 t h_comp_mtrr
fff02463 T mtrr_set_next_var
fff024fb T mtrr_set_valid
fff0251d t mtrr_start_op
fff02559 T mtrr_set
fff02598 t read_mtrrs
fff0259d t write_mtrrs
fff025a2 t mtrr_do_oper
fff025ff T pci_x86_read_config
fff02659 T pci_x86_write_config
fff026b1 T pci_assign_irqs
fff0273c T ap_start16
fff02780 T sipi_params_16bit
fff02780 t ap_start_jmp
fff02788 t gdtaddr
fff02790 T ap_start
fff02790 T ap_start16_code_end
fff027f5 t lock_microcode
fff02800 t load_microcode
fff02820 t microcode_done
fff02830 t load_msr
fff02858 T sipi_params
fff02858 t idt_ptr
fff0285c t stack_top
fff02860 t stack_size
fff02864 t microcode_lock
fff02868 t microcode_ptr
fff0286c t msr_table_ptr
fff02870 t msr_count
fff02874 t c_handler
fff02878 t ap_count
fff0287c T cpu_call64
fff028cd t code64
fff028cd t lret_target
fff028d2 T call64_stub_size
fff028d6 T arch_setup_gd
fff029b2 t setup_identity
fff02ac7 T x86_cpu_init_f
fff02b98 T x86_enable_caches
fff02b98 W enable_caches
fff02ba6 T x86_disable_caches
fff02ba6 W disable_caches
fff02bb6 T dcache_status
fff02bc3 T cpu_has_64bit
fff02c09 T cpu_jump_to_64bit
fff02c4e t build_pagetable
fff02ca3 T x86_mp_init
fff02cc5 T irq_common_entry
fff02cf4 T irq_0
fff02cfb T irq_1
fff02d02 T irq_2
fff02d09 T irq_3
fff02d10 T irq_4
fff02d17 T irq_5
fff02d1e T irq_6
fff02d25 T irq_7
fff02d2c T irq_8
fff02d33 T irq_9
fff02d3a T irq_10
fff02d41 T irq_11
fff02d48 T irq_12
fff02d4f T irq_13
fff02d56 T irq_14
fff02d5d T irq_15
fff02d64 T irq_16
fff02d6b T irq_17
fff02d72 T irq_18
fff02d79 T irq_19
fff02d80 T irq_20
fff02d87 T irq_21
fff02d8e T irq_22
fff02d95 T irq_23
fff02d9c T irq_24
fff02da3 T irq_25
fff02daa T irq_26
fff02db1 T irq_27
fff02db8 T irq_28
fff02dbf T irq_29
fff02dc6 T irq_30
fff02dcd T irq_31
fff02dd4 T irq_32
fff02ddb T irq_33
fff02de2 T irq_34
fff02de9 T irq_35
fff02df0 T irq_36
fff02df7 T irq_37
fff02dfe T irq_38
fff02e05 T irq_39
fff02e0c T irq_40
fff02e13 T irq_41
fff02e1a T irq_42
fff02e21 T irq_43
fff02e28 T irq_44
fff02e2f T irq_45
fff02e36 T irq_46
fff02e3d T irq_47
fff02e44 T irq_48
fff02e4b T irq_49
fff02e52 T irq_50
fff02e59 T irq_51
fff02e60 T irq_52
fff02e67 T irq_53
fff02e6e T irq_54
fff02e75 T irq_55
fff02e7c T irq_56
fff02e83 T irq_57
fff02e8a T irq_58
fff02e91 T irq_59
fff02e98 T irq_60
fff02e9f T irq_61
fff02ea6 T irq_62
fff02ead T irq_63
fff02eb4 T irq_64
fff02ebb T irq_65
fff02ec2 T irq_66
fff02ec9 T irq_67
fff02ed0 T irq_68
fff02ed7 T irq_69
fff02ede T irq_70
fff02ee5 T irq_71
fff02eec T irq_72
fff02ef3 T irq_73
fff02efa T irq_74
fff02f01 T irq_75
fff02f08 T irq_76
fff02f0f T irq_77
fff02f16 T irq_78
fff02f1d T irq_79
fff02f24 T irq_80
fff02f2b T irq_81
fff02f32 T irq_82
fff02f39 T irq_83
fff02f40 T irq_84
fff02f47 T irq_85
fff02f4e T irq_86
fff02f55 T irq_87
fff02f5c T irq_88
fff02f63 T irq_89
fff02f6a T irq_90
fff02f71 T irq_91
fff02f78 T irq_92
fff02f7f T irq_93
fff02f86 T irq_94
fff02f8d T irq_95
fff02f94 T irq_97
fff02f9b T irq_96
fff02fa2 T irq_98
fff02fa9 T irq_99
fff02fb0 T irq_100
fff02fb7 T irq_101
fff02fbe T irq_102
fff02fc5 T irq_103
fff02fcc T irq_104
fff02fd3 T irq_105
fff02fda T irq_106
fff02fe1 T irq_107
fff02fe8 T irq_108
fff02fef T irq_109
fff02ff6 T irq_110
fff02ffd T irq_111
fff03004 T irq_112
fff0300b T irq_113
fff03012 T irq_114
fff03019 T irq_115
fff03020 T irq_116
fff03027 T irq_117
fff0302e T irq_118
fff03035 T irq_119
fff0303c T irq_120
fff03043 T irq_121
fff0304a T irq_122
fff03051 T irq_123
fff03058 T irq_124
fff0305f T irq_125
fff03066 T irq_126
fff0306d T irq_127
fff03074 T irq_128
fff0307e T irq_129
fff03088 T irq_130
fff03092 T irq_131
fff0309c T irq_132
fff030a6 T irq_133
fff030b0 T irq_134
fff030ba T irq_135
fff030c4 T irq_136
fff030ce T irq_137
fff030d8 T irq_138
fff030e2 T irq_139
fff030ec T irq_140
fff030f6 T irq_141
fff03100 T irq_142
fff0310a T irq_143
fff03114 T irq_144
fff0311e T irq_145
fff03128 T irq_146
fff03132 T irq_147
fff0313c T irq_148
fff03146 T irq_149
fff03150 T irq_150
fff0315a T irq_151
fff03164 T irq_152
fff0316e T irq_153
fff03178 T irq_154
fff03182 T irq_155
fff0318c T irq_156
fff03196 T irq_157
fff031a0 T irq_158
fff031aa T irq_159
fff031b4 T irq_160
fff031be T irq_161
fff031c8 T irq_162
fff031d2 T irq_163
fff031dc T irq_164
fff031e6 T irq_165
fff031f0 T irq_166
fff031fa T irq_167
fff03204 T irq_168
fff0320e T irq_169
fff03218 T irq_170
fff03222 T irq_171
fff0322c T irq_172
fff03236 T irq_173
fff03240 T irq_174
fff0324a T irq_175
fff03254 T irq_176
fff0325e T irq_177
fff03268 T irq_178
fff03272 T irq_179
fff0327c T irq_180
fff03286 T irq_181
fff03290 T irq_182
fff0329a T irq_183
fff032a4 T irq_184
fff032ae T irq_185
fff032b8 T irq_186
fff032c2 T irq_187
fff032cc T irq_188
fff032d6 T irq_189
fff032e0 T irq_190
fff032ea T irq_191
fff032f4 T irq_192
fff032fe T irq_193
fff03308 T irq_194
fff03312 T irq_195
fff0331c T irq_196
fff03326 T irq_197
fff03330 T irq_198
fff0333a T irq_199
fff03344 T irq_200
fff0334e T irq_201
fff03358 T irq_202
fff03362 T irq_203
fff0336c T irq_204
fff03376 T irq_205
fff03380 T irq_206
fff0338a T irq_207
fff03394 T irq_208
fff0339e T irq_209
fff033a8 T irq_210
fff033b2 T irq_211
fff033bc T irq_212
fff033c6 T irq_213
fff033d0 T irq_214
fff033da T irq_215
fff033e4 T irq_216
fff033ee T irq_217
fff033f8 T irq_218
fff03402 T irq_219
fff0340c T irq_220
fff03416 T irq_221
fff03420 T irq_222
fff0342a T irq_223
fff03434 T irq_224
fff0343e T irq_225
fff03448 T irq_226
fff03452 T irq_227
fff0345c T irq_228
fff03466 T irq_229
fff03470 T irq_230
fff0347a T irq_231
fff03484 T irq_232
fff0348e T irq_233
fff03498 T irq_234
fff034a2 T irq_235
fff034ac T irq_236
fff034b6 T irq_237
fff034c0 T irq_238
fff034ca T irq_239
fff034d4 T irq_240
fff034de T irq_241
fff034e8 T irq_242
fff034f2 T irq_243
fff034fc T irq_244
fff03506 T irq_245
fff03510 T irq_246
fff0351a T irq_247
fff03524 T irq_248
fff0352e T irq_249
fff03538 T irq_250
fff03542 T irq_251
fff0354c T irq_252
fff03556 T irq_253
fff03560 T irq_254
fff0356a T irq_255
fff03574 T x86_get_idt
fff0357a T enable_interrupts
fff0357c T disable_interrupts
fff0358c T interrupt_init
fff0361e T irq_llsr
fff0363a t do_exception
fff03666 t dump_regs
fff037f0 T setjmp
fff03808 T longjmp
fff0381a T memset
fff0385d T memcpy
fff03890 T memmove
fff03a05 T boot_linux_kernel
fff03a6b T do_bootm_linux
fff03baf T arch_lmb_reserve
fff03bce T efi_add_known_memory
fff03c7a T init_cache_f_r
fff03c99 T irq_install_handler
fff03d24 T irq_free_handler
fff03d73 T do_irq
fff03deb T mp_write_floating_table
fff03e2a T mp_config_table_init
fff03e8e T mp_write_processor
fff03f4d T mptable_finalize
fff03f89 T write_mp_table
fff04293 T i8259_init
fff04301 T unmask_irq
fff04327 T mask_irq
fff0434b T specific_eoi
fff04365 T i8254_init
fff0437c T pirq_route_irqs
fff044bf T copy_pirq_routing_table
fff0450c T write_pirq_routing_table
fff0452f T copy_uboot_to_ram
fff04563 T clear_bss
fff0459b T do_elf_reloc_fixups
fff0463d T acpi_find_fadt
fff046d5 T enter_acpi_mode
fff046df T table_fill_string
fff0470a T write_tables
fff04780 T load_zimage
fff0494f t get_boot_protocol
fff04990 t get_kernel_version
fff049eb T setup_zimage
fff04ca5 T zimage_dump
fff052c1 t print_flags
fff0531a T do_zboot_parent
fff053d2 T android_bootloader_boot_kernel
fff054b1 t hex_to_str
fff05508 t complete_zboot
fff05534 t do_zboot_start
fff055f5 t do_zboot_load
fff05690 t do_zboot_setup
fff056ee t do_zboot_info
fff05710 t do_zboot_go
fff05742 t do_zboot_dump
fff0577f W board_quiesce_devices
fff05780 T bootm_find_images
fff05887 T bootm_disable_interrupts
fff0588c T bootm_process_cmdline
fff0588f T do_bootm_states
fff05e45 W switch_to_non_secure_mode
fff05e46 W arch_preboot_os
fff05e47 W board_preboot_os
fff05e48 T boot_selected_os
fff05e92 T bootm_os_get_boot_func
fff05e9a t do_bootm_standalone
fff05ee3 T image_multi_getimg
fff05f3a T image_decomp
fff0605b T genimg_get_os_name
fff06080 T genimg_get_comp_name
fff060a5 t on_loadaddr
fff060c4 T env_get_bootm_low
fff060e5 T env_get_bootm_size
fff06180 T env_get_bootm_mapsize
fff061a8 T memmove_wd
fff061b1 T genimg_get_kernel_addr_fit
fff061c2 T genimg_get_format
fff061ee T genimg_has_config
fff061f1 T boot_get_ramdisk
fff062e7 T boot_ramdisk_high
fff063f1 T boot_get_setup
fff063f7 T image_setup_linux
fff0645a T ab_select_slot
fff06808 T android_image_get_kernel
fff06813 T android_image_check_header
fff06816 T android_image_get_end
fff06819 T android_image_get_kload
fff0681d T android_image_get_kcomp
fff06820 T android_image_get_ramdisk
fff06838 T android_image_get_kernel_cmdline
fff0683c T android_image_is_bootconfig_used
fff06847 T android_get_preloaded_partition
fff068f9 t is_same_partition
fff06955 T android_image_load
fff06ead t _extract_boot_image_header
fff06f27 T android_image_get_second
fff06f2b T android_image_get_dtb_by_index
fff06f2e t android_read_data
fff07025 T android_bootloader_boot_flow
fff078df t do_avb_verify
fff07a22 t android_part_get_info_by_name_suffix
fff07a95 t get_partition_size
fff07b13 T extract_keymint_relevant_data
fff07cf9 t parse_patchlevel
fff07db5 T write_avb_to_keymint_console
fff07f85 t km_request_response
fff080f3 t console_write
fff08154 t console_read
fff081b2 T boot_fdt_add_mem_rsv_regions
fff082e4 t boot_fdt_reserve_region
fff0833d T boot_relocate_fdt
fff08502 T boot_get_fdt
fff086f2 W ft_verify_fdt
fff086f6 W arch_fixup_fdt
fff086f9 T image_setup_libfdt
fff08805 T do_bootm
fff088cd T do_bootd
fff088e8 t do_help
fff0892c t do_panic
fff08948 t do_version
fff08983 t do_ab_select
fff08a1d T blk_common_cmd
fff08ccf t do_source
fff08d21 t do_boot_android
fff08d38 t do_verified_boot_android
fff08d4f t boot_android
fff08e8c T efi_set_bootdev
fff08fb1 T efi_run_image
fff09118 t do_bootefi_exec
fff091aa t do_bootefi
fff09282 W bootz_setup
fff09296 T do_bootz
fff0936d T mk_date
fff0959c t do_date
fff09705 t do_dm
fff09763 t do_dm_dump_all
fff09771 t do_dm_dump_uclass
fff0977f t do_dm_dump_devres
fff09782 t do_dm_dump_drivers
fff09790 t do_dm_dump_driver_compat
fff0979e t do_dm_dump_static_driver_info
fff097ac t do_echo
fff09814 t do_exit
fff0982a T do_fat_size
fff0983c T do_fat_fsload
fff0984e t do_fat_ls
fff09860 t do_fat_fsinfo
fff098eb t do_fat_fswrite
fff098fd t do_fat_rm
fff0990f t do_fat_mkdir
fff09921 t do_size_wrapper
fff09933 t do_load_wrapper
fff09945 t do_save_wrapper
fff09957 t do_ls_wrapper
fff09969 t do_ln_wrapper
fff0997b t do_fstype_wrapper
fff09980 t do_fstypes_wrapper
fff09985 t do_itest
fff099f3 t binary_test
fff09b18 t evalstr
fff09b63 t evalexp
fff09bc0 t do_sleep
fff09c8d t do_part
fff0a01c t do_part_info
fff0a135 T do_read
fff0a25e T setexpr_regex_sub
fff0a45d t substitute
fff0a522 t do_setexpr
fff0a77b t get_arg
fff0a817 t regex_sub_var
fff0a91a t do_test
fff0abac t do_false
fff0abb0 t do_true
fff0abb3 t do_virtio
fff0abf6 t do_gpt
fff0b0df t gpt_verify
fff0b1e8 t set_gpt_info
fff0b6e1 t extract_val
fff0b75c t extract_env
fff0b7f0 T do_avb_init
fff0b840 T do_avb_read_part
fff0b8f5 T do_avb_read_part_hex
fff0ba0a T do_avb_write_part
fff0baa7 T do_avb_read_rb
fff0bb1d T do_avb_write_rb
fff0bb8f T do_avb_get_uuid
fff0bbfa T do_avb_verify_part
fff0bc8a T do_avb_is_unlocked
fff0bcf4 t do_avb
fff0bd4b t do_mtrr
fff0c043 t read_mtrrs
fff0c048 T env_set
fff0c09e t _do_env_set
fff0c229 t do_env
fff0c274 t do_env_print
fff0c301 t do_env_set
fff0c321 t do_env_default
fff0c3d0 t do_env_delete
fff0c461 t do_env_verified_import
fff0c6c2 t do_env_exists
fff0c70a t env_print
fff0c7bc T board_init_f_alloc_reserve
fff0c7c5 T board_init_f_init_reserve
fff0c7f5 T main_loop
fff0c836 T get_version
fff0c83c T jumptable_init
fff0caa4 t dummy
fff0caa5 t mdelay
fff0cab0 T get_local_var
fff0cb15 T set_local_var
fff0cc4b T parse_string_outer
fff0cd11 t parse_stream_outer
fff0d397 T parse_file_outer
fff0d3c9 T u_boot_hush_start
fff0d406 t do_showvar
fff0d4e5 t static_peek
fff0d4eb t static_get
fff0d500 t done_word
fff0d781 t done_pipe
fff0d7bc t file_peek
fff0d7c2 t free_pipe_list
fff0d87f t new_pipe
fff0d8b2 t done_command
fff0d923 t b_addqchr
fff0d965 t b_addchr
fff0d9ba t run_list_real
fff0e27a t insert_var_value_sub
fff0e539 t file_get
fff0e6bb T bootdelay_process
fff0e751 T autoboot_command
fff0e837 W board_add_ram_info
fff0e838 W mach_cpu_init
fff0e83b W arch_reserve_mmu
fff0e83e W arch_reserve_stacks
fff0e841 W arch_setup_bdinfo
fff0e844 T setup_bdinfo
fff0e84f W arch_cpu_init_dm
fff0e852 T board_init_f
fff0e8b9 T board_init_f_r
fff0e937 t setup_mon_len
fff0e947 t log_init
fff0e94a t initf_bootstage
fff0e94d t setup_spl_handoff
fff0e950 t initf_dm
fff0e958 t init_baud_rate
fff0e97f t display_text_info
fff0e982 t print_resetinfo
fff0e9ce t announce_dram_init
fff0e9e1 t setup_dest_addr
fff0ea3e t reserve_round_4k
fff0ea4e t reserve_video
fff0ea51 t reserve_trace
fff0ea54 t reserve_uboot
fff0ea96 t reserve_malloc
fff0eab3 t reserve_board
fff0eb07 t reserve_global_data
fff0eb37 t reserve_fdt
fff0eb9f t reserve_bootstage
fff0eba2 t reserve_bloblist
fff0eba5 t reserve_stacks
fff0ebc3 t show_dram_config
fff0ec0e t display_new_sp
fff0ec11 t reloc_fdt
fff0ec6c t reloc_bootstage
fff0ec6f t reloc_bloblist
fff0ec72 t setup_reloc
fff0ecbe t jump_to_copy
fff0ecef W cpu_secondary_init_r
fff0ecf2 W arch_initr_trap
fff0ecf5 W power_init_board
fff0ecf8 T board_init_r
fff0ed5b t initr_trace
fff0ed5e t initr_reloc
fff0ed6e t initr_reloc_global_data
fff0eda0 t initr_barrier
fff0eda3 t initr_malloc
fff0edc5 t log_init
fff0edc8 t initr_bootstage
fff0edcb t initr_of_live
fff0edce t initr_dm
fff0edfc t initr_binman
fff0ee23 t initr_dm_devices
fff0ee26 t initr_announce
fff0ee29 t initr_env
fff0ee80 t run_main_loop
fff0ee8a W checkboard
fff0ee8d W show_board_info
fff0ef05 T fdt_find_and_setprop
fff0ef57 T fdt_find_or_add_subnode
fff0efa6 T fdt_root
fff0f02e T fdt_initrd
fff0f1cb W board_fdt_chosen_bootargs
fff0f1d5 T fdt_chosen
fff0f271 T do_fixup_by_path
fff0f2b0 T fdt_fixup_ethernet
fff0f416 T fdt_shrink_to_minimum
fff0f4fd T fdt_support_default_count_cells
fff0f54e T fdt_translate_address
fff0f569 t __of_translate_address
fff0f7d9 t of_bus_default_map
fff0f88a t of_bus_default_translate
fff0f8e8 T cli_readline
fff0f8fb T cli_readline_into_buffer
fff1016e t delete_char
fff10207 t cread_add_char
fff102c5 T cli_simple_process_macros
fff1048f t on_console
fff10531 T console_puts_select
fff1057e T fputs
fff10590 T getchar
fff105d0 T tstc
fff105f8 T putc
fff1063c T puts
fff10672 T ctrlc
fff106b3 T disable_ctrlc
fff106c1 T had_ctrlc
fff106c9 T clear_ctrlc
fff106d1 T console_assign
fff10707 t console_setfile
fff107af T console_announce_r
fff107dc T console_init_f
fff107f2 T console_init_r
fff108df T sbrk
fff1091d T mem_malloc_init
fff10938 T malloc
fff10e9f T free
fff11095 T malloc_trim
fff11157 T realloc
fff11559 T memalign
fff116ab T calloc
fff11775 T initf_malloc
fff1179e T malloc_simple
fff117a8 t alloc_simple
fff11818 T memalign_simple
fff11821 W get_effective_memsize
fff1182f T stdio_file_to_flags
fff11842 T stdio_get_list
fff11848 T stdio_get_by_name
fff1187b T stdio_clone
fff118ad T stdio_register_dev
fff118ef T stdio_init_tables
fff11901 T stdio_add_devices
fff11980 t stdio_serial_putc
fff11987 t stdio_serial_puts
fff1198e t stdio_serial_getc
fff11993 t stdio_serial_tstc
fff11998 T run_command
fff119a4 T run_command_list
fff11a01 T do_run
fff11a56 T cli_process_fdt
fff11a82 T cli_secure_boot_cmd
fff11ae3 T cli_loop
fff11aed T cli_init
fff11af2 T _do_help
fff11c1f T find_cmd_tbl
fff11cb4 T cmd_usage
fff11d08 T find_cmd
fff11d3c T var_complete
fff11d9b T complete_subcmdv
fff11f0d T cmd_auto_complete
fff1228b T cmd_get_data_size
fff122e6 T cmd_always_repeatable
fff12303 T cmd_never_repeatable
fff12320 T cmd_discard_repeatable
fff12338 T cmd_process
fff12478 T cmd_process_error
fff124a1 T avb_ops_alloc
fff12526 t read_from_partition
fff1254a t write_to_partition
fff1256c t validate_vbmeta_public_key
fff125ac t read_rollback_index
fff125d9 t write_rollback_index
fff125f4 t read_is_device_unlocked
fff12619 t get_unique_guid_for_partition
fff12659 t get_size_of_partition
fff12693 T avb_ops_free
fff126c9 T avb_verify
fff1270b T avb_verify_partitions
fff12852 T avb_find_main_pubkey
fff12884 t blk_byte_io
fff12b47 t get_partition
fff12bda t blk_read_and_flush
fff12ca2 t blk_write
fff12d55 T bcc_init
fff12dea T format_config_descriptor
fff12e80 T bcc_vm_instance_handover
fff133ae t boot_measurement_from_avb_data
fff13443 t sha256
fff1347a T bcc_vm_instance_avf_boot_state
fff13483 T bcc_get_sealing_key
fff13592 t vm_instance_format
fff136cf T vm_instance_load_entry
fff1381e t read_and_verify_img_hdr_block
fff13893 t find_partition
fff1395c T vm_instance_save_entry
fff13b15 T vm_instance_new_salt
fff13b64 T qfw_get_dev
fff13b70 T qfw_online_cpus
fff13b92 T qfw_read_firmware_list
fff13c5a T qfw_find_file
fff13c8c T qfw_file_iter_init
fff13cac T qfw_file_iter_next
fff13cb8 T qfw_file_iter_end
fff13cc1 T blk_get_dev
fff13cd6 t get_dev_hwpart
fff13d01 T dev_print
fff13e9d T part_init
fff13f19 T part_print
fff13f8d t part_driver_lookup_type
fff14058 T part_get_info
fff140a8 T part_get_info_whole_disk
fff140e8 T blk_get_device_by_str
fff141ca T blk_get_device_part_str
fff14569 T part_get_info_by_name_type
fff145f6 T part_get_info_by_name
fff14602 T part_get_info_by_dev_and_name
fff1468c T part_get_info_by_dev_and_name_or_num
fff146e9 T part_set_generic_name
fff14720 t test_block_type
fff147a8 t part_get_info_dos
fff147ca t part_print_dos
fff147f4 t part_test_dos
fff14871 t part_get_info_extended
fff14aaa t print_partition_extended
fff14ce8 T get_disk_guid
fff14d64 t find_valid_gpt
fff14e01 T part_print_efi
fff14fd4 t is_pte_valid
fff15025 T part_get_info_efi
fff151bd T write_gpt_table
fff152d0 t set_protective_mbr
fff153ae T gpt_fill_pte
fff155ec T gpt_fill_header
fff156bc T gpt_restore
fff157c2 T gpt_verify_headers
fff15843 t is_gpt_valid
fff15a68 T gpt_verify_partitions
fff15beb t validate_gpt_header
fff15cfa t validate_gpt_entries
fff15d35 t part_test_efi
fff15dc2 T device_bind_with_driver_data
fff15de7 t device_bind_common
fff160f6 T device_bind
fff1611b T device_bind_by_name
fff1617a T device_of_to_plat
fff1625f T device_probe
fff16339 T device_get_uclass_id
fff16343 T dev_get_plat
fff1636a T dev_get_parent_plat
fff16391 T dev_get_uclass_plat
fff163b8 T dev_get_priv
fff163df T dev_get_uclass_priv
fff16406 T dev_get_parent_priv
fff1642d T device_find_first_child
fff16447 T device_find_next_child
fff16466 T dev_get_parent
fff1646a T dev_get_driver_data
fff1646e T device_set_name_alloced
fff16473 T device_set_name
fff16499 T dev_set_priv
fff1649d T dev_set_parent_priv
fff164a1 T dev_set_uclass_priv
fff164a5 t alloc_priv
fff164f6 T devfdt_get_addr_index
fff165a9 T devfdt_get_addr
fff165b0 T devfdt_get_addr_pci
fff16627 T lists_driver_lookup_name
fff1669d T lists_uclass_lookup
fff166fd T lists_bind_drivers
fff167da T device_bind_driver
fff167fc T device_bind_driver_to_node
fff1689e T lists_bind_fdt
fff16a8e T dm_root
fff16aba T dm_init
fff16b40 T dm_remove_devices_flags
fff16b79 T dm_scan_plat
fff16ba3 T dm_scan_fdt_dev
fff16bc9 t dm_scan_fdt_node
fff16c5d T dm_extended_scan
fff16cbc W dm_scan_other
fff16cbf T dm_init_and_scan
fff16cfa T uclass_find
fff16d3e T uclass_get
fff16e55 T dev_get_uclass_index
fff16e8a T uclass_find_device
fff16ecf T uclass_find_first_device
fff16f00 T uclass_find_next_device
fff16f1d T uclass_find_device_by_name
fff16f87 T uclass_find_next_free_seq
fff16fdd T uclass_find_device_by_seq
fff17024 T uclass_find_device_by_of_offset
fff1706a T uclass_find_device_by_ofnode
fff170b0 T uclass_get_device
fff170de T uclass_get_device_by_name
fff1710c T uclass_get_device_by_seq
fff1713a T uclass_get_device_by_of_offset
fff17168 T uclass_get_device_by_ofnode
fff17196 T uclass_first_device
fff171d7 T uclass_first_device_err
fff171f7 T uclass_next_device
fff1722d T uclass_first_device_check
fff17273 T uclass_next_device_check
fff17298 T uclass_first_device_drvdata
fff172fd T uclass_bind_device
fff17354 T uclass_unbind_device
fff17387 T uclass_pre_probe_device
fff173c7 T uclass_post_probe_device
fff17405 T uclass_pre_remove_device
fff17421 T pci_get_devfn
fff17456 T devres_release_probe
fff1746e t release_nodes
fff174c2 T devres_release_all
fff174da T device_chld_remove
fff17534 T device_remove
fff17626 T device_free
fff176a9 T dm_dump_all
fff176e6 t show_devices
fff177cb T dm_dump_uclass
fff17889 T dm_dump_driver_compat
fff1797e T dm_dump_drivers
fff17ac5 T dm_dump_static_driver_info
fff17b29 t init_range
fff17b80 T regmap_init_mem
fff17ccc T syscon_get_by_driver_data
fff17ce0 t syscon_pre_probe
fff17d10 T ofnode_get_name
fff17d29 T ofnode_read_u32_index
fff17d7b T ofnode_read_u32_default
fff17d96 T ofnode_read_bool
fff17dbb T ofnode_get_property
fff17ddb T ofnode_read_string
fff17e18 T ofnode_read_size
fff17e47 T ofnode_find_subnode
fff17e6b T ofnode_is_enabled
fff17e87 T ofnode_first_subnode
fff17eab T ofnode_next_subnode
fff17ecf T ofnode_get_parent
fff17eec T ofnode_path
fff17f10 T ofnode_get_chosen_node
fff17f77 T ofnode_is_available
fff17f93 T ofnode_read_pci_addr
fff18046 T ofnode_read_pci_vendev
fff18118 T ofnode_read_simple_addr_cells
fff18128 T ofnode_read_simple_size_cells
fff18138 T ofnode_pre_reloc
fff181c8 T ofnode_read_resource
fff18231 T ofnode_conf_read_int
fff1826f T ofnode_conf_read_str
fff1829e T sysreset_get_status
fff182bc T sysreset_walk
fff18329 T sysreset_walk_halt
fff18357 T do_reset
fff1839e t sysreset_post_bind
fff183a1 T pch_sysreset_power_off
fff18424 t x86_sysreset_probe
fff1843e t x86_sysreset_request
fff18466 t x86_sysreset_get_last
fff1846c T pch_ioctl
fff18491 t pch7_get_spi_base
fff184ba t pch7_set_spi_protect
fff184f7 t pch7_get_gpio_base
fff18534 t pch9_get_spi_base
fff18558 t pch9_get_gpio_base
fff18595 t pch9_get_io_base
fff185d2 T pci_get_bus
fff18615 T pci_get_controller
fff1864e T dm_pci_get_bdf
fff18685 t pci_get_bus_max
fff186c1 T pci_bus_find_devfn
fff18716 T dm_pci_write_config
fff1878c T pci_write_config32
fff187a4 t pci_write_config
fff187f5 T pci_write_config16
fff1880d T pci_write_config8
fff18825 T dm_pci_write_config8
fff18838 T dm_pci_write_config16
fff1884b T dm_pci_write_config32
fff1885e T dm_pci_read_config
fff188d3 t pci_read_config
fff18923 T pci_read_config16
fff1894d T pci_read_config8
fff18975 T dm_pci_read_config8
fff1899a T dm_pci_read_config16
fff189c1 T dm_pci_read_config32
fff189e6 T pci_auto_config_devices
fff18aef T dm_pci_hose_probe_bus
fff18b91 T dm_pci_find_capability
fff18c00 W board_pci_fixup_dev
fff18c01 T pci_bind_bus_devices
fff190e9 T dm_pci_read_bar32
fff19125 T dm_pci_bus_range_to_phys
fff191cd T dm_pci_find_next_capability
fff191e3 t _dm_pci_find_next_capability
fff1926e t pci_uclass_pre_probe
fff19539 t pci_uclass_post_probe
fff19581 t pci_uclass_child_post_bind
fff195b2 T pci_init
fff195e4 t pci_bridge_read_config
fff1961d t pci_bridge_write_config
fff19657 T dm_pciauto_prescan_setup_bridge
fff1983f T dm_pciauto_postscan_setup_bridge
fff1995c T dm_pciauto_config_device
fff199f0 t dm_pciauto_setup_device
fff19c19 t _pci_x86_read_config
fff19c38 t _pci_x86_write_config
fff19c57 T setup_video
fff19d06 T pciauto_region_align
fff19d12 T pciauto_region_allocate
fff19d4a T pciauto_config_init
fff19e09 T serial_init
fff19f50 T serial_setbrg
fff19f8f T serial_initialize
fff19f9d T serial_putc
fff19ff1 T serial_puts
fff1a050 T serial_getc
fff1a089 T serial_tstc
fff1a0bc T serial_stdio_init
fff1a0bd t on_baudrate
fff1a194 t serial_post_probe
fff1a22e t serial_pre_remove
fff1a231 t serial_stub_putc
fff1a26d t serial_stub_puts
fff1a2b4 t serial_stub_getc
fff1a2d5 t serial_stub_tstc
fff1a2ed T ns16550_init
fff1a373 t ns16550_setbrg
fff1a3e4 T ns16550_serial_probe
fff1a444 T ns16550_serial_of_to_plat
fff1a504 t ns16550_serial_setbrg
fff1a53a t ns16550_serial_getc
fff1a575 t ns16550_serial_putc
fff1a5b3 t ns16550_serial_pending
fff1a5e6 t ns16550_serial_setconfig
fff1a634 t ns16550_serial_getinfo
fff1a673 T timer_get_count
fff1a699 T timer_get_rate
fff1a6a7 T dm_timer_init
fff1a775 t timer_pre_probe
fff1a79e t timer_post_probe
fff1a7b6 T get_timer
fff1a7f4 T timer_get_us
fff1a826 T __udelay
fff1a88a t tsc_timer_ensure_setup
fff1abd1 t tsc_timer_probe
fff1ac1a t tsc_timer_get_count
fff1ac36 T virtio_get_config
fff1ac50 T virtio_generation
fff1ac67 T virtio_reset
fff1ac72 T virtio_find_vqs
fff1ac86 T virtio_notify
fff1ac93 T virtio_add_status
fff1acc5 T virtio_finalize_features
fff1ad1e T virtio_driver_features_init
fff1ad37 T virtio_init
fff1ad6c t virtio_uclass_pre_probe
fff1adba t virtio_uclass_post_probe
fff1ae58 t virtio_uclass_child_post_bind
fff1ae69 t virtio_uclass_child_pre_probe
fff1b05f t virtio_uclass_child_post_probe
fff1b072 T virtqueue_add
fff1b22d t virtqueue_attach_desc
fff1b2ee T virtqueue_kick
fff1b357 T virtqueue_get_buf
fff1b47a T vring_create_virtqueue
fff1b6db t virtio_alloc_pages
fff1b74b t virtio_free_pages
fff1b7b0 T vring_del_virtqueue
fff1b7fb T virtqueue_get_vring_size
fff1b7ff T virtqueue_get_desc_addr
fff1b803 T virtqueue_get_avail_addr
fff1b807 T virtqueue_get_used_addr
fff1b80b T virtqueue_poll
fff1b82e t virtio_pci_bind
fff1b86a t virtio_pci_probe
fff1b9d3 t virtio_pci_find_capability
fff1badf t virtio_pci_map_capability
fff1bb33 t virtio_pci_get_config
fff1bc24 t virtio_pci_set_config
fff1bd4f t virtio_pci_generation
fff1bd78 t virtio_pci_get_status
fff1bd9e t virtio_pci_set_status
fff1bde8 t virtio_pci_reset
fff1be3a t virtio_pci_get_features
fff1bea9 t virtio_pci_set_features
fff1bf33 t virtio_pci_find_vqs
fff1c113 t virtio_pci_del_vqs
fff1c172 t virtio_pci_notify
fff1c1df t virtio_blk_bind
fff1c273 t virtio_blk_probe
fff1c303 t virtio_blk_read
fff1c31e t virtio_blk_write
fff1c339 t virtio_blk_do_req
fff1c40d t virtio_console_bind
fff1c433 t virtio_console_probe
fff1c471 t add_inbuf
fff1c4d1 t virtio_console_serial_setbrg
fff1c4d4 t virtio_console_serial_getc
fff1c533 t virtio_console_serial_putc
fff1c594 t virtio_console_serial_pending
fff1c5ae T sysinfo_get
fff1c5ba T sysinfo_detect
fff1c5eb T sysinfo_get_str
fff1c631 T blk_get_if_type_name
fff1c639 T blk_get_devnum_by_typename
fff1c6e8 T blk_list_part
fff1c752 t get_desc
fff1c7fd T blk_print_part_devnum
fff1c82e T blk_list_devices
fff1c880 T blk_print_device_num
fff1c8bc T blk_show_device
fff1c924 T blk_read_devnum
fff1c957 T blk_dread
fff1c9d5 T blk_write_devnum
fff1ca08 T blk_dwrite
fff1ca4c T blk_dselect_hwpart
fff1ca6a T blk_find_device
fff1cad9 T blk_find_max_devnum
fff1cb33 T blk_next_free_devnum
fff1cb55 T blk_create_device
fff1ccbe t blk_post_probe
fff1ccd1 T blkcache_read
fff1cd97 T blkcache_fill
fff1cec9 T blkcache_invalidate
fff1cf25 T cpu_get_desc
fff1cf42 T cpu_get_count
fff1cf56 T cpu_get_vendor
fff1cf74 t uclass_cpu_init
fff1cfc0 T irq_snapshot_polarities
fff1cfd4 T irq_first_device_type
fff1cfe2 T write_acpi_tables
fff1d2fe T qfw_read_entry
fff1d372 T acpi_get_rsdp_addr
fff1d3a7 T qfw_register
fff1d413 t qfw_pio_probe
fff1d418 t qfw_pio_read_entry_io
fff1d43c t qfw_pio_read_entry_dma
fff1d446 T dm_rtc_get
fff1d459 T dm_rtc_set
fff1d46d T dm_rtc_reset
fff1d481 t rtc_mc146818_probe
fff1d4a2 t rtc_mc146818_get
fff1d598 t rtc_mc146818_set
fff1d6b4 t rtc_mc146818_reset
fff1d6df t rtc_mc146818_read8
fff1d6fb t rtc_mc146818_write8
fff1d71a T dm_rng_read
fff1d737 T env_set_ulong
fff1d751 T env_set_hex
fff1d77d T env_get_hex
fff1d7b8 T env_get
fff1d855 t env_get_from_linear
fff1d91a T env_get_ulong
fff1d940 T env_get_yesno
fff1d97d T env_get_default
fff1d9bb T env_set_default
fff1da3e T env_set_default_vars
fff1da77 T env_relocate
fff1da90 T env_complete
fff1dc15 W env_get_location
fff1dc21 T env_load
fff1dd47 T env_init
fff1de70 T env_attr_walk
fff1df6d T env_attr_lookup
fff1dfd4 t regex_callback
fff1e114 T env_flags_parse_vartype
fff1e15a T env_flags_parse_varaccess
fff1e1a3 T env_flags_init
fff1e23b t on_flags
fff1e276 T env_flags_validate
fff1e43e t clear_flags
fff1e448 t set_flags
fff1e4b5 T env_callback_init
fff1e58c t on_callbacks
fff1e5c7 t clear_callback
fff1e5d1 t set_callback
fff1e67a t env_nowhere_load
fff1e699 t env_nowhere_init
fff1e6a9 T fs_get_type
fff1e6af T fs_set_blk_dev
fff1e733 T fs_set_blk_dev_with_part
fff1e7b5 T fs_close
fff1e7db T fs_exists
fff1e81c T fs_size
fff1e85d T fs_read
fff1e8c2 T fs_write
fff1e94f T fs_opendir
fff1e9b7 T fs_readdir
fff1ea19 T fs_closedir
fff1ea65 T fs_unlink
fff1eaa6 T fs_mkdir
fff1eae7 T fs_ln
fff1eb33 T do_size
fff1ebb5 T do_load
fff1ef30 T do_ls
fff1efc5 T file_exists
fff1f01b T do_save
fff1f160 T do_fs_type
fff1f1f9 T do_rm
fff1f268 T do_mkdir
fff1f2e9 T do_ln
fff1f32c T do_fs_types
fff1f394 t fs_ls_generic
fff1f444 t fs_ln_unsupported
fff1f448 t fs_probe_unsupported
fff1f44c t fs_ls_unsupported
fff1f450 t fs_exists_unsupported
fff1f453 t fs_size_unsupported
fff1f457 t fs_read_unsupported
fff1f45b t fs_write_unsupported
fff1f45f t fs_close_unsupported
fff1f460 t fs_uuid_unsupported
fff1f464 t fs_opendir_unsupported
fff1f46a t fs_unlink_unsupported
fff1f46e t fs_mkdir_unsupported
fff1f472 T fat_set_blk_dev
fff1f534 T fat_next_cluster
fff1f635 t get_fatent
fff1f7a9 T file_fat_detectfs
fff1f864 t read_bootsectandvi
fff1f971 T fat_exists
fff1f9d3 t fat_itr_root
fff1fb40 t fat_itr_resolve
fff1fc9a T fat_size
fff1fd44 T file_fat_read_at
fff2014d T fat_read_file
fff20190 T fat_opendir
fff20222 T fat_readdir
fff20318 t fat_itr_next
fff2057a t fat2rtc
fff205ce T fat_closedir
fff205ea T fat_close
fff205eb T fat_uuid
fff20644 T file_fat_write_at
fff208dd t split_filename
fff209c0 t normalize_longname
fff20a63 t find_directory_entry
fff20abe t set_name
fff20ce2 t fat_find_empty_dentries
fff20e6e t fill_dir_slot
fff2106a t fill_dentry
fff210c4 t set_contents
fff21b46 t flush_dirty_fat_buffer
fff21bc3 t flush_dir
fff21c4b T file_fat_write
fff21c70 T fat_unlink
fff21f3b T fat_mkdir
fff222c8 t fat_itr_child
fff22322 t get_cluster
fff224c3 t next_dent
fff22514 t downcase
fff22540 t str2fat
fff225a2 t fat_move_to_cluster
fff225e3 t set_fatent_value
fff2277c t clear_fatent
fff227e0 t determine_fatent
fff2280f t disk_write
fff22866 t set_sectors
fff229d2 t delete_single_dentry
fff22a05 T efi_driver_init
fff22add t efi_uc_init
fff22ae0 t efi_uc_destroy
fff22ae3 t efi_uc_supported
fff22b7c t efi_uc_start
fff22c2b t efi_uc_stop
fff22d30 t check_node_type
fff22d89 t disconnect_child
fff22dde t efi_bl_read
fff22e2c t efi_bl_write
fff22e7a t efi_bl_bind
fff22f8c T efi_bootmgr_load
fff230d4 t try_load_entry
fff232aa T __efi_entry_check
fff232c0 T __efi_exit_check
fff232cc T efi_save_gd
fff232cd T efi_restore_gd
fff232ce T efi_signal_event
fff23360 t efi_queue_event
fff233bf T efi_add_handle
fff233e3 T efi_create_handle
fff2342b T efi_search_protocol
fff23491 T efi_search_obj
fff234b2 T efi_remove_protocol
fff234f2 T efi_remove_all_protocols
fff2353d T efi_delete_handle
fff23569 T efi_create_event
fff23677 T efi_create_event_ex
fff236d4 T efi_timer_check
fff2374d t efi_process_event_queue
fff237c4 T efi_set_timer
fff2389d T efi_add_protocol
fff239c0 T efi_register_protocol_notify
fff23a49 T efi_install_configuration_table
fff23b71 T efi_setup_loaded_image
fff23c95 T efi_load_image
fff240b3 T efi_close_protocol
fff2416c T efi_locate_handle_buffer
fff2420d t efi_locate_handle
fff24349 T efi_install_multiple_protocol_interfaces
fff24487 t efi_locate_device_path
fff245a9 t efi_install_protocol_interface
fff245fc t efi_uninstall_protocol_interface
fff2464f T efi_protocol_open
fff247e7 t efi_disconnect_controller
fff24a42 T efi_start_image
fff24b4f t efi_open_protocol
fff24c76 T efi_unload_image
fff24d41 t efi_delete_image
fff24dc5 T efi_handle_protocol
fff24de7 T efi_initialize_system_table
fff24e49 t efi_uninstall_protocol
fff24f0e t efi_disconnect_all_drivers
fff25071 t efi_raise_tpl
fff2508b t efi_restore_tpl
fff250b6 t efi_allocate_pages_ext
fff250e3 t efi_free_pages_ext
fff25107 t efi_get_memory_map_ext
fff2513d t efi_allocate_pool_ext
fff25161 t efi_free_pool_ext
fff2517d t efi_create_event_ext
fff251b5 t efi_set_timer_ext
fff251e7 t efi_wait_for_event
fff252ab t efi_signal_event_ext
fff252fb t efi_close_event
fff253ec t efi_check_event
fff2544f t efi_reinstall_protocol_interface
fff254b4 t efi_locate_handle_ext
fff254eb t efi_install_configuration_table_ext
fff2550b t efi_exit
fff2560f t efi_exit_boot_services
fff25785 t efi_get_next_monotonic_count
fff257c2 t efi_stall
fff2580d t efi_set_watchdog_timer
fff25829 t efi_connect_controller
fff25a03 t efi_open_protocol_information
fff25ae2 t efi_protocols_per_handle
fff25ba5 t efi_locate_protocol
fff25ca3 t efi_uninstall_multiple_protocol_interfaces
fff25d9c t efi_calculate_crc32
fff25de5 t efi_copy_mem
fff25e09 t efi_set_mem
fff25e2e t efi_bind_controller
fff25ebf T efi_get_dp_from_boot
fff25f65 t efi_cout_reset
fff25fba t efi_cout_output_string
fff260ef t efi_cout_test_string
fff26102 t efi_cout_query_mode
fff26159 t efi_cout_set_mode
fff261c0 t efi_cout_set_attribute
fff2621a t efi_cout_clear_screen
fff26245 t efi_cout_set_cursor_position
fff262b4 t efi_cout_enable_cursor
fff262f2 T set_shift_mask
fff26339 t efi_cin_reset
fff26363 t efi_cin_read_key_stroke
fff263bb T efi_console_register
fff26687 t efi_key_notify
fff2669c t efi_console_timer_notify
fff266b1 t efi_cin_empty_buffer
fff266cf t efi_cin_check
fff26981 t analyze_modifiers
fff269e3 t term_get_char
fff26a1b t efi_cin_reset_ex
fff26a45 t efi_cin_read_key_stroke_ex
fff26af6 t efi_cin_set_state
fff26b0c t efi_cin_register_key_notify
fff26b91 t efi_cin_unregister_key_notify
fff26be6 T efi_dp_next
fff26c05 T efi_dp_match
fff26c86 T efi_dp_find_obj
fff26cc4 t find_obj
fff26e15 T efi_dp_last_node
fff26e3c T efi_dp_instance_size
fff26e65 T efi_dp_size
fff26e84 T efi_dp_dup
fff26ecf t dp_alloc
fff26f03 T efi_dp_append
fff26f18 t efi_dp_append_or_concatenate
fff26ffc T efi_dp_append_node
fff270af T efi_dp_create_device_node
fff270e7 T efi_dp_append_instance
fff271c1 T efi_dp_get_next_instance
fff27253 T efi_dp_is_multi_instance
fff27274 T efi_dp_from_part
fff272b2 t dp_part_size
fff272fe t dp_part_fill
fff2734c T efi_dp_part_node
fff27382 t dp_part_node
fff27488 T efi_dp_from_file
fff27572 T efi_dp_from_uart
fff275bb T efi_dp_from_mem
fff275fe T efi_dp_split_file_path
fff27670 T efi_dp_from_name
fff277a9 T efi_dp_check_length
fff277f1 T efi_dp_from_lo
fff27869 t dp_size
fff278e8 t dp_fill
fff279e5 T efi_dp_str
fff27a0f t efi_convert_device_path_to_text
fff27a81 t efi_convert_device_node_to_text
fff27ac3 t efi_convert_single_device_node_to_text
fff27f97 t efi_str_to_u16
fff27fda t get_device_path_size
fff28007 t duplicate_device_path
fff28029 t append_device_path
fff28051 t append_device_node
fff28079 t append_device_path_instance
fff280a1 t get_next_device_path_instance
fff280c9 t is_device_path_multi_instance
fff280eb t create_device_node
fff2811a T efi_file_size
fff281ae T efi_file_from_path
fff282b3 T efi_simple_file_system
fff282ea t efi_open_volume
fff2834b t efi_file_open
fff28395 t efi_file_close
fff283bd t efi_file_delete
fff2840c t efi_file_read
fff2843f t efi_file_write
fff28472 t efi_file_getpos
fff284a7 t efi_file_setpos
fff2851b t efi_file_getinfo
fff28705 t efi_file_setinfo
fff28812 t efi_file_flush
fff28843 t efi_file_open_ex
fff288a8 t efi_file_read_ex
fff288f8 t efi_file_write_ex
fff28948 t efi_file_flush_ex
fff28991 t efi_file_open_int
fff28c22 t efi_file_read_int
fff28ec2 t efi_get_file_size
fff28ef6 t efi_file_write_int
fff28f88 t new_package_list
fff2902b t remove_package_list
fff2906a t update_package_list
fff2911d t list_package_lists
fff291e7 t export_package_lists
fff29215 t register_package_notify
fff29256 t unregister_package_notify
fff2926c t find_keyboard_layouts
fff29311 t get_keyboard_layout
fff293a1 t set_keyboard_layout
fff293b7 t get_package_list_handle
fff29406 t new_string
fff294ef t get_string
fff29596 t set_string
fff2969c t get_languages
fff29768 t get_secondary_languages
fff297ec t add_packages
fff29adc t free_packagelist
fff29b11 t free_keyboard_layouts
fff29b53 t remove_strings_package
fff29bb4 t remove_guid_package
fff29be5 t remove_keyboard_package
fff29c1d t language_match
fff29c52 T efi_print_image_infos
fff29d26 W invalidate_icache_all
fff29d27 T efi_check_pe
fff29d65 T efi_load_pe
fff2a0af t efi_set_code_and_data_type
fff2a0f6 T efi_set_load_options
fff2a180 T efi_deserialize_load_option
fff2a205 T efi_add_memory_map
fff2a242 t efi_add_memory_map_pg
fff2a5bd T efi_allocate_pages
fff2a7a2 t efi_check_allocated
fff2a807 T efi_free_pages
fff2a874 T efi_alloc_aligned_pages
fff2a9a3 T efi_allocate_pool
fff2aa1c T efi_free_pool
fff2aaa5 T efi_get_memory_map
fff2ab63 T efi_add_conventional_memory_map
fff2ac06 T efi_memory_init
fff2ac80 t efi_mem_cmp
fff2acb1 T efi_root_node_register
fff2ad69 T efi_init_runtime_supported
fff2adaf W efi_reset_system_init
fff2adb2 t efi_get_time_boottime
fff2ae91 t efi_set_time_boottime
fff2aea7 t efi_set_virtual_address_map
fff2b0c6 t efi_reset_system_boottime
fff2b123 W allow_unaligned
fff2b124 T efi_init_obj_list
fff2b2d1 T efi_create_indexed_name
fff2b331 t efi_stri_coll
fff2b39e t efi_metai_match
fff2b3c4 t efi_str_lwr
fff2b3fc t efi_str_upr
fff2b434 t efi_fat_to_str
fff2b483 t efi_str_to_fat
fff2b553 t metai_match
fff2b6b9 T efi_get_variable
fff2b705 T efi_set_variable
fff2b749 T efi_get_next_variable_name
fff2b775 T efi_query_variable_info
fff2b7c9 T efi_init_secure_state
fff2b8e3 T efi_auth_var_get_type
fff2b936 T efi_get_var
fff2b99d T efi_var_mem_init
fff2ba3d t efi_var_mem_notify_exit_boot_services
fff2ba8f T efi_var_collect
fff2bc23 T efi_var_to_file
fff2bcb6 t efi_set_blk_dev_to_system_partition
fff2bd29 T efi_var_restore
fff2be4d T efi_var_from_file
fff2befa T efi_set_variable_int
fff2c104 T efi_query_variable_info_int
fff2c131 T efi_variables_boot_exit_notify
fff2c163 T efi_init_variables
fff2c184 T efi_set_watchdog
fff2c1c0 T efi_watchdog_register
fff2c22c t efi_watchdog_timer_notify
fff2c25a T efi_fs_from_path
fff2c2bc T efi_disk_create_partitions
fff2c3a5 t efi_disk_add_dev
fff2c5ef T efi_disk_register
fff2c6f7 t efi_disk_reset
fff2c70a t efi_disk_read_blocks
fff2c7b9 t efi_disk_write_blocks
fff2c877 t efi_disk_flush_blocks
fff2c88a t efi_disk_rw_blocks
fff2c8f7 T efi_acpi_register
fff2c93f T efi_smbios_register
fff2c9c0 W platform_get_rng_device
fff2c9ee T efi_rng_register
fff2ca3a t rng_getinfo
fff2cab7 t getrng
fff2cb59 T efi_initrd_register
fff2cc0e T efi_initrd_deregister
fff2cc29 t efi_load_file2_initrd
fff2cd58 t find_image_node
fff2cdb0 T binman_init
fff2cdf1 T console_read_unicode
fff2ceb8 T utf8_get
fff2cf7d T utf8_put
fff2d013 T utf8_utf16_strnlen
fff2d062 T utf8_utf16_strncpy
fff2d0c5 T utf16_put
fff2d128 T utf16_get
fff2d1a0 T utf16_strnlen
fff2d1ea T utf16_utf8_strnlen
fff2d259 T utf16_utf8_strncpy
fff2d2bc T utf_to_lower
fff2d2f0 T utf_to_upper
fff2d324 T u16_strncmp
fff2d353 T u16_strlen
fff2d36c T u16_strdup
fff2d3b8 T utf16_to_utf8
fff2d4b8 T utf_to_cp
fff2d4f5 T write_smbios_table
fff2d632 t smbios_write_type0
fff2d6fc t smbios_write_type1
fff2d823 t smbios_write_type2
fff2d8f7 t smbios_write_type3
fff2d973 t smbios_write_type4
fff2da87 t smbios_write_type32
fff2dace t smbios_write_type127
fff2dafa t smbios_add_string
fff2db6d t smbios_add_prop_si
fff2dbc2 T list_sort
fff2dd53 t merge
fff2ddb6 T sha256_starts
fff2ddf6 T sha256_update
fff2de8e t sha256_process
fff30923 T sha256_finish
fff30a62 T inflate_fast
fff30faa T inflate_table
fff31434 T inflateReset
fff3148c T inflateInit2_
fff3156b T zcalloc
fff31575 T zcfree
fff3157c T inflate
fff3308f T adler32
fff332f9 T inflateEnd
fff33341 T gzalloc
fff3334f T gzfree
fff33356 T gzip_parse_header
fff333cb T gunzip
fff3340f T zunzip
fff334e2 T ulz4fn
fff33899 t LZ4_copy8
fff338a4 T ERR_put_error
fff338d7 T OPENSSL_memory_alloc
fff338dc T OPENSSL_memory_free
fff338e1 T sdallocx
fff33907 T CRYPTO_sysrand
fff3390e t fill_with_entropy
fff3395a T CRYPTO_sysrand_for_seed
fff33961 T CRYPTO_get_fork_generation
fff33966 T aes_nohw_set_encrypt_key
fff345ee T aes_nohw_encrypt
fff34647 t aes_nohw_expand_round_keys
fff346e0 t aes_nohw_to_batch
fff348f8 t aes_nohw_encrypt_batch
fff34a04 t aes_nohw_from_batch
fff34c59 T aes_nohw_ctr32_encrypt_blocks
fff34dc4 t aes_nohw_sub_block
fff34e26 t aes_nohw_transpose
fff34e9c t aes_nohw_sub_bytes
fff35146 t aes_nohw_mix_columns
fff3538e t fe_tobytes
fff356af t fe_sq_tt
fff36003 t fe_sub
fff360bc t fe_carry
fff361b9 t fe_add
fff36249 T x25519_ge_p3_to_cached
fff3629a T x25519_ge_p1p1_to_p3
fff362ef T x25519_ge_add
fff3655a T x25519_ge_scalarmult_small_precomp
fff36815 t fe_frombytes_strict
fff369cc t ge_madd
fff36b9e T x25519_sc_reduce
fff383b9 T ED25519_keypair_from_seed
fff3842c T ED25519_sign
fff3ba25 t ge_p3_tobytes
fff3baa2 t fe_loose_invert
fff3bc6b t fe_mul_impl
fff3cbca t fe_sq_tl
fff3d51e T EVP_AEAD_max_overhead
fff3d523 T EVP_AEAD_CTX_init
fff3d573 T EVP_AEAD_CTX_cleanup
fff3d58d T EVP_AEAD_CTX_init_with_direction
fff3d607 T EVP_AEAD_CTX_seal
fff3d70e T EVP_AEAD_CTX_open
fff3d844 T EVP_AEAD_CTX_open_gather
fff3d8eb T aes_ctr_set_key
fff3d938 T EVP_aead_aes_256_gcm_randnonce
fff3d953 t EVP_aead_aes_256_gcm_randnonce_init
fff3d9a7 t aead_aes_gcm_cleanup
fff3d9a8 t aead_aes_gcm_init_impl
fff3da53 t aead_aes_gcm_seal_scatter_impl
fff3dc30 t aead_aes_gcm_open_gather_impl
fff3dd9a t aead_aes_gcm_init_randnonce
fff3de14 t aead_aes_gcm_seal_scatter_randnonce
fff3dee5 t aead_aes_gcm_open_gather_randnonce
fff3df7a T EVP_MD_size
fff3df7e T EVP_MD_block_size
fff3df82 T EVP_MD_CTX_init
fff3df8e T EVP_MD_CTX_cleanup
fff3dfbe T EVP_MD_CTX_copy_ex
fff3e0ab T EVP_DigestInit_ex
fff3e104 T EVP_DigestUpdate
fff3e115 T EVP_DigestFinal_ex
fff3e142 T EVP_sha512
fff3e15d t EVP_sha512_init
fff3e1ae t sha512_init
fff3e1b6 t sha512_update
fff3e1be t sha512_final
fff3e1ca T HMAC
fff3e23b T HMAC_CTX_init
fff3e265 T HMAC_Init_ex
fff3e3de T HMAC_Update
fff3e3e6 T HMAC_Final
fff3e450 T HMAC_CTX_cleanup
fff3e47e T CRYPTO_ghash_init
fff3e4f4 T CRYPTO_gcm128_init_key
fff3e578 T CRYPTO_gcm128_setiv
fff3e667 T CRYPTO_gcm128_aad
fff3e715 T CRYPTO_gcm128_encrypt
fff3e9eb T CRYPTO_gcm128_decrypt
fff3eca7 T CRYPTO_gcm128_encrypt_ctr32
fff3eea0 T CRYPTO_gcm128_decrypt_ctr32
fff3f0a3 T CRYPTO_gcm128_finish
fff3f147 T CRYPTO_gcm128_tag
fff3f17c T gcm_init_nohw
fff3f1be T gcm_gmult_nohw
fff3f210 t gcm_polyval_nohw
fff3f3bb T gcm_ghash_nohw
fff3f49e t gcm_mul64_nohw
fff3f516 t gcm_mul32_nohw
fff3f6e9 T CTR_DRBG_init
fff3f784 T CTR_DRBG_reseed
fff3f7f3 t ctr_drbg_update
fff3f898 T CTR_DRBG_generate
fff3fa2a T CTR_DRBG_clear
fff3fa34 T RAND_bytes_with_additional_data
fff3fc40 t rand_thread_state_free
fff3fc49 T RAND_bytes
fff3fc5d T SHA512_Init
fff3fcee T SHA512
fff3fdb4 T SHA512_Update
fff3fe8f T SHA512_Final
fff3fe96 t sha512_final_impl
fff3ff9a t sha512_block_data_order
fff404ff T HKDF
fff40562 T HKDF_extract
fff405cf T HKDF_expand
fff40779 T OPENSSL_malloc
fff407b9 T OPENSSL_free
fff40818 T OPENSSL_cleanse
fff40826 T CRYPTO_memcmp
fff4084b T rand_fork_unsafe_buffering_enabled
fff40871 T CRYPTO_STATIC_MUTEX_lock_read
fff40872 T CRYPTO_STATIC_MUTEX_unlock_read
fff40873 T CRYPTO_once
fff40881 T CRYPTO_get_thread_local
fff40889 T CRYPTO_set_thread_local
fff40894 T avb_chain_partition_descriptor_validate_and_byteswap
fff409d0 T avb_sub_cmdline
fff40bc4 T avb_append_options
fff40f04 t cmdline_append_option
fff40fc9 t cmdline_append_hex
fff41003 T avb_new_cmdline_subst_list
fff4100d T avb_free_cmdline_subst_list
fff41042 T avb_add_root_digest_substitution
fff410d6 t uint64_to_base10
fff4112a T avb_get_algorithm_data
fff4113d T avb_rsa_public_key_header_validate_and_byteswap
fff4116c T avb_footer_validate_and_byteswap
fff41239 T avb_hashtree_descriptor_validate_and_byteswap
fff413e5 T avb_property_descriptor_validate_and_byteswap
fff414f2 T avb_property_lookup
fff41556 t property_lookup_desc_foreach
fff415e7 T avb_sha256_init
fff41607 T avb_sha256_update
fff416a3 t SHA256_transform
fff418b1 T avb_sha256_final
fff41982 T avb_slot_verify
fff41fe5 t load_and_verify_vbmeta
fff43561 T avb_slot_verify_data_free
fff4361f T avb_slot_verify_data_calculate_vbmeta_digest
fff4370f t read_persistent_digest
fff439bc t load_full_partition
fff43b6c T avb_be32toh
fff43b6f T avb_be64toh
fff43b7a T avb_safe_memcmp
fff43ba3 T avb_safe_add_to
fff43bf9 T avb_basename
fff43c37 T avb_safe_add
fff43c60 T avb_validate_utf8
fff43cc9 T avb_str_concat
fff43d87 T avb_malloc
fff43dc9 T avb_calloc
fff43dec T avb_strdup
fff43e19 T avb_strstr
fff43e56 T avb_strv_find_str
fff43e9b T avb_replace
fff44040 T avb_strdupv
fff44137 T avb_uppercase
fff44156 T avb_bin2hex
fff441a6 T avb_version_string
fff441ac T avb_descriptor_validate_and_byteswap
fff44210 T avb_descriptor_foreach
fff444a0 T avb_descriptor_get_all
fff4450f t count_descriptors
fff44514 t set_descriptors
fff44528 T avb_hash_descriptor_validate_and_byteswap
fff44664 T avb_kernel_cmdline_descriptor_validate_and_byteswap
fff44750 T avb_rsa_verify
fff44bff t montMul
fff44d28 T avb_sha512_init
fff44d54 T avb_sha512_update
fff44df0 t SHA512_transform
fff45248 T avb_sha512_final
fff45326 T avb_memcmp
fff4532b T avb_memcpy
fff45330 T avb_memset
fff45335 T avb_strcmp
fff4533a T avb_strncmp
fff4533f T avb_strlen
fff45344 T avb_abort
fff4534c T avb_printv
fff45383 T avb_malloc_
fff45388 T avb_free
fff4538d T avb_div_by_10
fff453bd T avb_vbmeta_image_verify
fff4595e T avb_vbmeta_image_header_to_host_byte_order
fff45a80 T avb_vbmeta_verify_result_to_string
fff45ac8 T DiceClearMemory
fff45ae8 T BccMainFlow
fff45c0b T BccHandoverMainFlow
fff45f7c T DiceCoseEncodePublicKey
fff4605a T DiceCoseSignAndEncodeSign1
fff461f3 T DiceGenerateCertificate
fff465cb T CborReadInt
fff46637 t CborPeekIntialValueAndArgument
fff466f6 T CborReadBstr
fff46714 t CborReadStr
fff46771 T CborReadArray
fff46787 t CborReadSize
fff467e0 T CborReadMap
fff467f6 T CborReadSkip
fff468d4 T CborWriteInt
fff468ff t CborWriteType
fff46b23 T CborWriteBstr
fff46b41 t CborWriteStr
fff46b72 T CborAllocBstr
fff46b88 t CborAllocStr
fff46bdc T CborWriteTstr
fff46bff T CborWriteArray
fff46c1c T CborWriteMap
fff46c39 T DiceDeriveCdiPrivateKeySeed
fff46c64 T DiceDeriveCdiCertificateId
fff46c9c T DiceMainFlow
fff46f37 T DiceHexEncode
fff46f92 T DiceHash
fff46fac T DiceKdf
fff46ff9 T DiceKeypairFromSeed
fff4700f T DiceSign
fff47033 T addBootConfigParameters
fff470c9 T addBootConfigTrailer
fff47157 T fdt_ro_probe_
fff471b3 T fdt_check_header
fff4728e T fdt_offset_ptr
fff472db T fdt_next_tag
fff473b1 T fdt_check_node_offset_
fff473dd T fdt_check_prop_offset_
fff47409 T fdt_next_node
fff47496 T fdt_first_subnode
fff474c4 T fdt_next_subnode
fff47502 T fdt_find_string_
fff4754b T fdt_move
fff4758c T fdt_get_string
fff47645 T fdt_get_mem_rsv
fff47692 t fdt_mem_rsv
fff476bb T fdt_num_mem_rsv
fff476f4 T fdt_subnode_offset_namelen
fff477b0 T fdt_subnode_offset
fff477d8 T fdt_path_offset_namelen
fff478a2 T fdt_get_alias_namelen
fff478e3 T fdt_path_offset
fff47901 T fdt_get_name
fff47971 T fdt_first_property_offset
fff47992 t nextprop_
fff479df T fdt_next_property_offset
fff47a00 t fdt_get_property_by_offset_
fff47a38 T fdt_get_property_namelen
fff47a71 t fdt_get_property_namelen_
fff47afc T fdt_get_property
fff47b2d T fdt_getprop_namelen
fff47b7f T fdt_getprop_by_offset
fff47c01 T fdt_getprop
fff47c32 T fdt_supernode_atdepth_offset
fff47ccc T fdt_parent_offset
fff47d15 T fdt_stringlist_search
fff47db6 T fdt_strerror
fff47de3 T fdt_add_mem_rsv
fff47e5b t fdt_rw_probe_
fff47ead t fdt_splice_mem_rsv_
fff47efe T fdt_del_mem_rsv
fff47f43 t fdt_splice_struct_
fff47f7f T fdt_setprop_placeholder
fff48033 t fdt_add_property_
fff4814e T fdt_setprop
fff48186 T fdt_add_subnode_namelen
fff4825d T fdt_add_subnode
fff48285 T fdt_open_into
fff483f9 t fdt_blocks_misordered_
fff48436 t fdt_packblocks_
fff484b7 t fdt_splice_
fff4851b T fdt_address_cells
fff48545 t fdt_cells
fff48582 T fdt_size_cells
fff4859f T fdtdec_get_int
fff485cb T fdtdec_get_addr_size_fixed
fff48685 T fdtdec_get_number
fff486a4 T fdtdec_get_pci_bar32
fff486cd T fdtdec_get_is_enabled
fff48701 T fdtdec_get_alias_seq
fff487dd T fdtdec_get_alias_highest_id
fff4888d T fdtdec_get_chosen_prop
fff488bd T fdtdec_prepare_fdt
fff4890e T fdtdec_get_bool
fff4892c T fdt_get_resource
fff48a38 W board_fdt_blob_setup
fff48a44 W fdtdec_board_setup
fff48a47 T fdtdec_setup
fff48aa8 T qsort
fff48b65 T strcmp_compar
fff48b6e T hcreate_r
fff48bef T hdestroy_r
fff48c51 T hmatch_r
fff48cca T hsearch_r
fff49118 T hdelete_r
fff491eb T hexport_r
fff4948d t cmpkey
fff4949a T himport_r
fff49799 t drop_var_from_set
fff497e7 T hwalk_r
fff49826 t match_string
fff498a0 T display_options_get_banner_priv
fff49928 T display_options_get_banner
fff49941 T display_options
fff49979 T print_size
fff49a80 W __div64_32
fff49b74 T hang
fff49b83 T kmalloc
fff49bb6 T strim
fff49bfa T lmb_dump_all
fff49bfb T arch_lmb_reserve_generic
fff49cba T lmb_reserve
fff49cdb T lmb_init_and_reserve
fff49d4e t lmb_reserve_common
fff49d7b T lmb_init_and_reserve_range
fff49dce T lmb_free
fff49f59 t lmb_remove_region
fff49f96 t lmb_add_region_flags
fff4a28f T lmb_reserve_flags
fff4a2b2 T lmb_alloc
fff4a2cb T lmb_alloc_base
fff4a312 T __lmb_alloc_base
fff4a55b T lmb_alloc_addr
fff4a62a W board_lmb_reserve
fff4a62b T slre_compile
fff4a74d t compile
fff4ad70 T slre_match
fff4addd t match
fff4b102 t get_escape_char
fff4b158 t quantifier
fff4b21f t relocate
fff4b26e t loop_greedy
fff4b318 t loop_non_greedy
fff4b37e T strncasecmp
fff4b3d6 T strcasecmp
fff4b3de T strcpy
fff4b3ee T strncpy
fff4b404 T strlen
fff4b414 T strcat
fff4b431 T strncat
fff4b45d T strnlen
fff4b47c T strcmp
fff4b493 T strncmp
fff4b4c5 T strchr
fff4b4df T strrchr
fff4b508 T strdup
fff4b53c T strsep
fff4b58b T memcmp
fff4b5ad T strstr
fff4b608 T memchr
fff4b621 T get_tbclk
fff4b64e T get_ticks
fff4b6a8 W timer_init
fff4b6ab T usec_to_tick
fff4b71b T udelay
fff4b741 T uuid_str_valid
fff4b79b T uuid_guid_get_bin
fff4b7e3 T uuid_guid_get_str
fff4b815 T uuid_str_to_bin
fff4b943 T uuid_bin_to_str
fff4b9ef T rand
fff4ba0f t panic_finish
fff4ba3a T panic
fff4ba53 t vsnprintf_internal
fff4c12b T snprintf
fff4c152 T sprintf
fff4c179 T printf
fff4c191 T vprintf
fff4c1db T simple_itoa
fff4c216 t string16
fff4c2e1 t string
fff4c354 t number
fff4c5d1 t put_dec_trunc
fff4c698 t put_dec
fff4c7f2 T simple_strtoul
fff4c886 T hextoul
fff4c890 T dectoul
fff4c89a T strict_strtoul
fff4c8fb T simple_strtol
fff4c917 T ustrtoul
fff4c97a T ustrtoull
fff4c9e7 T simple_strtoull
fff4ca79 T trailing_strtoln
fff4cad8 T trailing_strtol
fff4cadf T rtc_calc_weekday
fff4cbb4 T __udivdi3
fff4cbcc t _64bit_divide
fff4cd1c T __umoddi3
fff4cd58 d _u_boot_list_2_cmd_2_ab_select
fff4cd58 d complete_cmdv.start
fff4cd58 d complete_cmdv.start.17
fff4cd58 d do_help.start
fff4cd58 d do_help.start.6
fff4cd58 d find_cmd.start
fff4cd58 d find_cmd.start.2
fff4cd74 d _u_boot_list_2_cmd_2_avb
fff4cd90 d _u_boot_list_2_cmd_2_boot
fff4cdac d _u_boot_list_2_cmd_2_boot_android
fff4cdc8 d _u_boot_list_2_cmd_2_bootd
fff4cde4 d _u_boot_list_2_cmd_2_bootefi
fff4ce00 d _u_boot_list_2_cmd_2_bootm
fff4ce1c d _u_boot_list_2_cmd_2_bootz
fff4ce38 d _u_boot_list_2_cmd_2_date
fff4ce54 d _u_boot_list_2_cmd_2_dm
fff4ce70 d _u_boot_list_2_cmd_2_echo
fff4ce8c d _u_boot_list_2_cmd_2_env
fff4cea8 d _u_boot_list_2_cmd_2_exit
fff4cec4 d _u_boot_list_2_cmd_2_false
fff4cee0 d _u_boot_list_2_cmd_2_fatinfo
fff4cefc d _u_boot_list_2_cmd_2_fatload
fff4cf18 d _u_boot_list_2_cmd_2_fatls
fff4cf34 d _u_boot_list_2_cmd_2_fatmkdir
fff4cf50 d _u_boot_list_2_cmd_2_fatrm
fff4cf6c d _u_boot_list_2_cmd_2_fatsize
fff4cf88 d _u_boot_list_2_cmd_2_fatwrite
fff4cfa4 d _u_boot_list_2_cmd_2_fstype
fff4cfc0 d _u_boot_list_2_cmd_2_fstypes
fff4cfdc d _u_boot_list_2_cmd_2_gpt
fff4cff8 d _u_boot_list_2_cmd_2_help
fff4d014 d _u_boot_list_2_cmd_2_itest
fff4d030 d _u_boot_list_2_cmd_2_ln
fff4d04c d _u_boot_list_2_cmd_2_load
fff4d068 d _u_boot_list_2_cmd_2_ls
fff4d084 d _u_boot_list_2_cmd_2_mtrr
fff4d0a0 d _u_boot_list_2_cmd_2_panic
fff4d0bc d _u_boot_list_2_cmd_2_part
fff4d0d8 d _u_boot_list_2_cmd_2_printenv
fff4d0f4 d _u_boot_list_2_cmd_2_question_mark
fff4d110 d _u_boot_list_2_cmd_2_read
fff4d12c d _u_boot_list_2_cmd_2_reset
fff4d148 d _u_boot_list_2_cmd_2_run
fff4d164 d _u_boot_list_2_cmd_2_save
fff4d180 d _u_boot_list_2_cmd_2_setenv
fff4d19c d _u_boot_list_2_cmd_2_setexpr
fff4d1b8 d _u_boot_list_2_cmd_2_showvar
fff4d1d4 d _u_boot_list_2_cmd_2_size
fff4d1f0 d _u_boot_list_2_cmd_2_sleep
fff4d20c d _u_boot_list_2_cmd_2_source
fff4d228 d _u_boot_list_2_cmd_2_test
fff4d244 d _u_boot_list_2_cmd_2_true
fff4d260 d _u_boot_list_2_cmd_2_verified_boot_android
fff4d27c d _u_boot_list_2_cmd_2_version
fff4d298 d _u_boot_list_2_cmd_2_virtio
fff4d2b4 d _u_boot_list_2_cmd_2_zboot
fff4d2d0 d _u_boot_list_2_driver_2_cpu_bus
fff4d2d0 d complete_cmdv.end
fff4d2d0 d dm_dump_driver_compat.start
fff4d2d0 d dm_dump_driver_compat.start.4
fff4d2d0 d dm_dump_drivers.start
fff4d2d0 d dm_dump_drivers.start.11
fff4d2d0 d do_help.end
fff4d2d0 d efi_driver_init.start
fff4d2d0 d find_cmd.end
fff4d2d0 d fix_drivers.start
fff4d2d0 d fix_drivers.start.1
fff4d2d0 d lists_bind_fdt.start
fff4d2d0 d lists_bind_fdt.start.3
fff4d2d0 d lists_driver_lookup_name.start
fff4d2d0 d lists_driver_lookup_name.start.1
fff4d314 d _u_boot_list_2_driver_2_cpu_qemu_drv
fff4d358 d _u_boot_list_2_driver_2_cpu_x86_drv
fff4d39c d _u_boot_list_2_driver_2_dice
fff4d3e0 d _u_boot_list_2_driver_2_efi_blk
fff4d424 d _u_boot_list_2_driver_2_efi_block
fff4d468 d _u_boot_list_2_driver_2_generic_syscon
fff4d4ac d _u_boot_list_2_driver_2_irq_router_drv
fff4d4f0 d _u_boot_list_2_driver_2_motorola_mc146818
fff4d534 d _u_boot_list_2_driver_2_ns16550_serial
fff4d578 d _u_boot_list_2_driver_2_pch7_drv
fff4d5bc d _u_boot_list_2_driver_2_pch9_drv
fff4d600 d _u_boot_list_2_driver_2_pci_bridge_drv
fff4d644 d _u_boot_list_2_driver_2_pci_generic_drv
fff4d688 d _u_boot_list_2_driver_2_pci_x86
fff4d6cc d _u_boot_list_2_driver_2_qfw_pio
fff4d710 d _u_boot_list_2_driver_2_root_driver
fff4d754 d _u_boot_list_2_driver_2_sysinfo_smbios
fff4d798 d _u_boot_list_2_driver_2_virtio_blk
fff4d7dc d _u_boot_list_2_driver_2_virtio_console
fff4d820 d _u_boot_list_2_driver_2_virtio_pci_modern
fff4d864 d _u_boot_list_2_driver_2_x86_reset
fff4d8a8 d _u_boot_list_2_driver_2_x86_tsc_timer
fff4d8ec d dm_dump_driver_compat.end
fff4d8ec d dm_dump_drivers.end
fff4d8ec d efi_driver_init.end
fff4d8ec d fix_drivers.end
fff4d8ec d lists_bind_fdt.end
fff4d8ec d lists_driver_lookup_name.end
fff4d8f0 d _u_boot_list_2_driver_info_2_x86_qfw_pio
fff4d8f0 d bind_drivers_pass.start
fff4d8f0 d bind_drivers_pass.start.14
fff4d8f0 d dm_dump_static_driver_info.start
fff4d8f0 d dm_dump_static_driver_info.start.19
fff4d8f0 d fix_devices.start
fff4d8f0 d fix_devices.start.3
fff4d8f8 d _u_boot_list_2_env_clbk_2_baudrate
fff4d8f8 d bind_drivers_pass.end
fff4d8f8 d dm_dump_static_driver_info.end
fff4d8f8 d find_env_callback.start
fff4d8f8 d find_env_callback.start.3
fff4d8f8 d fix_devices.end
fff4d900 d _u_boot_list_2_env_clbk_2_callbacks
fff4d908 d _u_boot_list_2_env_clbk_2_console
fff4d910 d _u_boot_list_2_env_clbk_2_flags
fff4d918 d _u_boot_list_2_env_clbk_2_loadaddr
fff4d920 d _env_driver_lookup.start
fff4d920 d _env_driver_lookup.start.11
fff4d920 d _u_boot_list_2_env_driver_2_nowhere
fff4d920 d env_select.start
fff4d920 d env_select.start.8
fff4d920 d find_env_callback.end
fff4d938 d _env_driver_lookup.end
fff4d938 d _u_boot_list_2_part_driver_2_a_efi
fff4d938 d do_part_types.start
fff4d938 d do_part_types.start.18
fff4d938 d env_select.end
fff4d938 d part_driver_get_count.start
fff4d938 d part_driver_get_first.start
fff4d938 d part_driver_lookup_type.start
fff4d938 d part_driver_lookup_type.start.44
fff4d938 d part_init.start
fff4d938 d part_init.start.18
fff4d950 d _u_boot_list_2_part_driver_2_dos
fff4d968 d _u_boot_list_2_pci_driver_entry_2_virtio_pci_modern
fff4d968 d do_part_types.end
fff4d968 d part_driver_get_count.end
fff4d968 d part_driver_lookup_type.end
fff4d968 d part_init.end
fff4d968 d pci_find_and_bind_driver.start
fff4d968 d pci_find_and_bind_driver.start.15
fff4d970 d _u_boot_list_2_uclass_driver_2_blk
fff4d970 d fix_uclass.start
fff4d970 d fix_uclass.start.2
fff4d970 d lists_uclass_lookup.start
fff4d970 d lists_uclass_lookup.start.2
fff4d970 d pci_find_and_bind_driver.end
fff4d9b8 d _u_boot_list_2_uclass_driver_2_cpu
fff4da00 d _u_boot_list_2_uclass_driver_2_dice
fff4da48 d _u_boot_list_2_uclass_driver_2_efi
fff4da90 d _u_boot_list_2_uclass_driver_2_irq
fff4dad8 d _u_boot_list_2_uclass_driver_2_lpc
fff4db20 d _u_boot_list_2_uclass_driver_2_nop
fff4db68 d _u_boot_list_2_uclass_driver_2_northbridge
fff4dbb0 d _u_boot_list_2_uclass_driver_2_pch
fff4dbf8 d _u_boot_list_2_uclass_driver_2_pci
fff4dc40 d _u_boot_list_2_uclass_driver_2_pci_generic
fff4dc88 d _u_boot_list_2_uclass_driver_2_qfw
fff4dcd0 d _u_boot_list_2_uclass_driver_2_rng
fff4dd18 d _u_boot_list_2_uclass_driver_2_root
fff4dd60 d _u_boot_list_2_uclass_driver_2_rtc
fff4dda8 d _u_boot_list_2_uclass_driver_2_serial
fff4ddf0 d _u_boot_list_2_uclass_driver_2_syscon
fff4de38 d _u_boot_list_2_uclass_driver_2_sysinfo
fff4de80 d _u_boot_list_2_uclass_driver_2_sysreset
fff4dec8 d _u_boot_list_2_uclass_driver_2_timer
fff4df10 d _u_boot_list_2_uclass_driver_2_virtio
fff4df58 d fix_uclass.end
fff4df58 d lists_uclass_lookup.end
fff4df60 r K512
fff4e1e0 r acpi_guid
fff4e1f0 r .L__const.getrng.rng_raw_guid
fff4e200 r efi_block_io_guid
fff4e210 r efi_file_info_guid
fff4e220 r efi_file_system_info_guid
fff4e230 r efi_global_variable_guid
fff4e240 r efi_guid_device_path
fff4e250 r efi_guid_device_path_to_text_protocol
fff4e260 r efi_guid_device_path_utilities_protocol
fff4e270 r efi_guid_driver_binding_protocol
fff4e280 r efi_guid_event_group_before_exit_boot_services
fff4e290 r efi_guid_event_group_exit_boot_services
fff4e2a0 r efi_guid_event_group_memory_map_change
fff4e2b0 r efi_guid_event_group_reset_system
fff4e2c0 r efi_guid_hii_database_protocol
fff4e2d0 r efi_guid_hii_string_protocol
fff4e2e0 r efi_guid_image_security_database
fff4e2f0 r efi_guid_load_file2_protocol
fff4e300 r efi_guid_load_file_protocol
fff4e310 r efi_guid_loaded_image
fff4e320 r efi_guid_loaded_image_device_path
fff4e330 r efi_guid_rng_protocol
fff4e340 r efi_guid_text_input_ex_protocol
fff4e350 r efi_guid_text_input_protocol
fff4e360 r efi_guid_text_output_protocol
fff4e370 r efi_guid_unicode_collation_protocol2
fff4e380 r efi_guid_virtio_dev
fff4e390 r efi_lf2_initrd_guid
fff4e3a0 r efi_rt_properties_table_guid
fff4e3b0 r efi_simple_file_system_protocol_guid
fff4e3c0 r efi_system_partition_guid
fff4e3d0 r efi_system_volume_label_id
fff4e3e0 r efi_u_boot_guid
fff4e3f0 r list_guid
fff4e4c8 r partition_basic_data_guid
fff4e4d8 r sha512_h0
fff4e518 r sha512_k
fff4e798 r shim_lock_guid
fff4e7a8 r smbios_guid
fff4e7b8 r system_guid
fff4e8f4 r avb_pubkey_size
fff4e918 r baudrate_table
fff4e92c r bcc_to_dice_mode
fff4e968 r block_io_disk_template
fff4e984 r boot_os
fff4e9cc r bootloader_id
fff4eb2c r color
fff4eb98 r cpu_qemu_ids
fff4eba8 r cpu_qemu_ops
fff4ebbc r cpu_x86_ids
fff4ebcc r cpu_x86_ops
fff4ebe0 r env_flags_varaccess_mask
fff4ec50 r sha256_h0
fff4ec70 r d2
fff4ecf0 r dice_match
fff4ed6c r driver_ops
fff4ed78 r e820_type_name
fff4eda0 r efi_blk_ops
fff4eefc r efi_device_path_to_text
fff4ef04 r efi_device_path_utilities
fff4ef24 r efi_file_handle_protocol
fff4ef64 r efi_hii_database
fff4ef90 r efi_hii_string
fff4efa4 r efi_lf2_protocol
fff4efd4 r efi_rng_protocol
fff4efdc r efi_unicode_collation_protocol2
fff4f008 r exceptions
fff4f088 r fdt_errtable
fff4f0f8 r fixed_mtrrs
fff4f124 r freq_desc_tables
fff4f23c r fstypes
fff4f2c4 r generic_syscon_ids
fff4f30c r if_type_uclass_id
fff4f348 r if_typename_str
fff4f408 r init_sequence_f
fff4f4c8 r init_sequence_f_r
fff4f4d0 r irq_router_ids
fff4f4e0 r kLibraryNames
fff4f5fc r month_offset
fff4f62c r mtrr_type_name
fff4f648 r name_type
fff4f6a8 r ns16550_serial_ids
fff4f6d8 r ns16550_serial_ops
fff4f6f8 r op_adv
fff4f7f8 r op_table
fff4f878 r pch7_ids
fff4f888 r pch7_ops
fff4f89c r pch9_ids
fff4f8ac r pch9_ops
fff4f8c0 r pci_bridge_ids
fff4f8d0 r pci_bridge_ops
fff4f8d8 r pci_generic_ids
fff4f8e8 r pci_x86_ids
fff4f8f8 r pci_x86_ops
fff4f900 r reserved_list
fff4f984 r rtc_mc146818_ids
fff4f994 r rtc_mc146818_ops
fff4f9c0 r sha256_k
fff4fac0 r smbios_write_funcs
fff4faf8 r sysinfo_smbios_ids
fff4fb08 r sysinfo_smbios_ops
fff4fb1c r table_list
fff4fb6c r tsc_timer_ids
fff4fb7c r tsc_timer_ops
fff4fb80 r uimage_comp
fff4fbe0 r uimage_os
fff4fc7c r uimage_type
fff4fe90 r virtio_blk_ops
fff4fea0 r virtio_console_serial_ops
fff4fec0 r virtio_drv_name
fff4fef4 r virtio_pci_ops
fff4ff98 r weekdays
fff4ffb4 r x86_sysreset_ids
fff4ffc4 r x86_vendor_name
fff4fff0 r x86_vendors
fff50048 r END
fff5004c r ROOT
fff50060 r capitalization_table
fff50f30 r codepage_437
fff51030 r distfix
fff510b0 r dp_lf2_handle
fff510c8 r inflate.order
fff510ee r inflate_table.dbase
fff5112e r inflate_table.dext
fff5116e r inflate_table.lbase
fff511ac r inflate_table.lext
fff511ea r lenfix
fff51b75 r CTR_DRBG_init.kInitMask
fff51ba5 r LONG_ONLY_CHARS
fff51bac r RAND_bytes.kZeroAdditionalData
fff51bcc r _ctype
fff51ccc r aes_nohw_rcon
fff51cd6 r android_bootloader_boot_flow.km_name
fff51ce7 r avb_pubkey
fff52100 r number.digits
fff52110 r default_environment
fff52278 r env_flags_varaccess_rep
fff5227d r env_flags_vartype_rep
fff52282 r erase_seq
fff52286 r extract_keymint_relevant_data.boot_patchlevel_key
fff522ac r extract_keymint_relevant_data.system_patchlevel_key
fff522d4 r extract_keymint_relevant_data.system_version_key
fff522f8 r extract_keymint_relevant_data.vendor_patchlevel_key
fff52320 r hex_asc
fff52331 r illegal
fff52342 r k25519SmallPrecomp
fff52702 r kAsymSalt
fff52742 r kBoringSSLBinaryTag
fff52754 r kIdSalt
fff52794 r padding_RSA2048_SHA256
fff52874 r padding_RSA2048_SHA512
fff52934 r padding_RSA4096_SHA256
fff52b14 r padding_RSA4096_SHA512
fff52cd4 r padding_RSA8192_SHA256
fff530b4 r padding_RSA8192_SHA512
fff53474 r print_size.names
fff5a149 r .L.str.8
fff5a1a5 r .L.str.17
fff5a1aa r .L.str.18
fff5ffc6 r tab_seq
fff5ffcf r version_string
fff6000f r vm_instance_hdr_magic
fff60040 d mp_steps
fff600c0 D gdt64
fff600c0 d gdt
fff600f0 d gdt_end
fff600f0 d load_flags
fff60110 d xload_flags
fff60138 d zboot_subcmds
fff601e0 d image_load_addr
fff601e4 d bootm_help_text
fff60574 d cmd_bootm_sub
fff60670 d source_help_text
fff606be d bootefi_help_text
fff60849 d bootz_help_text
fff60a54 d default_tm
fff60a78 d test_commands
fff60b20 d cmd_avb
fff60c1c d env_id
fff60c20 d env_help_text
fff60df0 d cmd_env_sub
fff60eb4 d init_sequence_r
fff60f30 d hist_cur
fff60f34 d av_
fff6133c d trim_threshold
fff61340 d sbrk_base
fff61344 d stdio_names
fff61350 d root_info
fff61358 d x86_sysreset_ops
fff61364 d virtio_pci_supported
fff61a80 d _stats
fff61a94 d block_cache
fff61a9c d qfw_pio_ops
fff61aa4 d env_htab
fff61ab4 d efi_obj_list
fff61abc d efi_event_queue
fff61ac4 d efi_register_notify_events
fff61acc d entry_count
fff61ad0 d efi_boot_services
fff61b98 d efi_tpl
fff61b9c d efi_con_mode
fff61bb4 d efi_con_out
fff61bdc d efi_con_in
fff61be8 d efi_con_in_ex
fff61c00 d efi_cout_modes
fff61c24 d cin_notify_functions
fff61c2c d efi_package_lists
fff61c34 d efi_keyboard_layout_list
fff61c3c d efi_mem
fff61c44 d efi_obj_list_initialized
fff61c48 d sha256_padding
fff61c88 d algorithm_data
fff61cdc d y
fff61cf0 d _GLOBAL_OFFSET_TABLE_
fff61cf0 d __efi_runtime_rel_start
fff61e48 A __data_end
fff61e48 A __init_end
fff61e48 d __efi_runtime_rel_stop
fff61e58 A __rel_dyn_start
fff61e58 B __bss_start
fff61e58 b i440fx
fff61e5c b ap_callbacks
fff61e60 b load_sipi_vector.msr_save
fff62060 b mp_info.0
fff62064 b mp_info.1
fff62070 b idt
fff62870 b idt_ptr
fff62878 b irq_handlers
fff62938 b spurious_irq_cnt
fff6293c b isa_irq_occupied
fff6294c b state
fff62968 b images
fff62b7c b image_addr
fff62b80 b image_size
fff62b84 b bootefi_device_path
fff62b88 b bootefi_image_path
fff62b8c b virtio_curr_dev
fff62b90 b avb_ops
fff62b94 b top_vars
fff62b98 b get_dollar_var.buf
fff62bc0 b last_return_code
fff62bc4 b flag_repeat
fff62bc8 b ifs
fff62bcc b map
fff62ccc b do_repeat
fff62ccd b get_user_input.the_command
fff62ed0 b stored_bootdelay
fff62ed4 b monitor_flash_len
fff62ed8 b console_buffer
fff630dc b cli_readline_into_buffer.initted
fff630e0 b hist_max
fff630e4 b hist_add_idx
fff630e8 b hist_num
fff630ec b hist_lines
fff65900 b hist_list
fff65950 b ctrlc_disabled
fff65954 b ctrlc_was_pressed
fff65958 b mem_malloc_start
fff6595c b mem_malloc_end
fff65960 b mem_malloc_brk
fff65964 b top_pad
fff65968 b max_sbrked_mem
fff6596c b max_total_mem
fff65970 b current_mallinfo.0
fff65974 b stdio_devices
fff65980 b devs
fff659cc b env_complete_buf
fff65bcc b tmp_buf
fff65dd0 b bcc_handover_buffer
fff65dd4 b bcc_handover_buffer_size
fff65dd8 b print_efiname.name
fff65dfe b mode_info
fff65f04 b virtio_iommu_platform_ops
fff65f08 b virtio_pci_bind.num_devs
fff65f0c b first_call
fff65f10 b flags_list
fff65f14 b first_call
fff65f18 b callback_list
fff65f1c b fs_type
fff65f20 b fs_dev_desc
fff65f24 b fs_partition
fff65fc0 b fs_dev_part
fff65fc4 b cur_dev
fff65fc8 b cur_part_info
fff66064 b total_sector
fff66068 b get_set_cluster.tmpbuf_cluster
fff6606c b bs
fff66070 b rs
fff66074 b timers_enabled
fff66078 b current_image
fff6607c b efi_st_keep_devices
fff66080 b efi_get_next_monotonic_count.mono
fff66088 b console_timer_event
fff6608c b key_available
fff66090 b next_key
fff6609c b efi_memory_map_key
fff660a0 b efi_root
fff660a4 b watchdog_timer_event
fff660a8 b efi_system_partition
fff660b4 b efi_initrd_handle
fff660b8 b binman
fff660bc b EVP_aead_aes_256_gcm_randnonce_once
fff660c0 b EVP_aead_aes_256_gcm_randnonce_storage
fff660e8 b EVP_sha512_once
fff660ec b EVP_sha512_storage
fff6610c b g_lock
fff66110 b g_buffering_enabled
fff66114 b g_thread_locals
fff66124 b errno
fff66128 b local_toa
fff66140 B __bss_end
fff6dc40 A __rel_dyn_end
fff6dc40 A _end
