0000f800 T start16
0000f831 t ff
0000f83a t code32start
0000f840 t idt_ptr
0000f846 t gdt_ptr
0000f850 T gdt_rom
0000fff0 t reset_vector
fff00000 A __text_start
fff00000 T _x86boot_start
fff0001c T _start
fff0003f T car_init_ret
fff00076 T board_init_f_r_trampoline
fff00082 t die
fff00088 W car_uninit
fff00089 t blank_idt_ptr
fff00090 t multiboot_header
fff000b0 T efi_reset_system
fff000b0 d __efi_runtime_start
fff000c8 T efi_memcpy_runtime
fff000de T efi_update_table_header_crc32
fff00100 W efi_get_time
fff00106 W efi_set_time
fff0010c T efi_update_capsule_unsupported
fff00112 T efi_query_capsule_caps_unsupported
fff00118 T efi_convert_pointer
fff001c2 t efi_unimplemented
fff001c8 t efi_set_virtual_address_map_runtime
fff001ce t efi_convert_pointer_runtime
fff001d4 T efi_runtime_detach
fff0021a T efi_runtime_relocate
fff00320 T efi_get_variable_runtime
fff00353 T efi_get_next_variable_name_runtime
fff00364 T efi_var_mem_find
fff00438 t efi_var_mem_compare
fff00498 T efi_var_mem_del
fff00505 T efi_var_mem_ins
fff005e5 T efi_var_mem_free
fff005f6 t efi_var_mem_notify_virtual_address_map
fff00618 T efi_get_variable_mem
fff006a1 T efi_get_next_variable_name_mem
fff0073a T efi_get_variable_int
fff0073f T efi_get_next_variable_name_int
fff00744 T efi_query_variable_info_runtime
fff0074a t efi_set_variable_runtime
fff00750 T u16_strnlen
fff0076a T crc32_no_comp
fff00823 T crc32
fff00834 t crc_table
fff00c34 t efi_events
fff00c3c t systab
fff00c84 t firmware_vendor
fff00c9c t efi_runtime_mmio
fff00ca4 t efi_runtime_services
fff00cf4 t efi_virtmap
fff00cf8 t efi_descriptor_count
fff00cfc t efi_descriptor_size
fff00d00 t efi_runtime_relocate.lastoff
fff00d04 t efi_var_buf
fff00d08 t efi_current_var
fff00d0c d __efi_runtime_stop
fff00d10 T x86_init_cache
fff00d10 W init_cache
fff00d1e T flush_cache
fff00d21 T flush_dcache_range
fff00d22 T invalidate_dcache_range
fff00d23 T cpu_vendor_name
fff00d3a T cpu_get_name
fff00d84 W board_final_init
fff00d85 W board_final_cleanup
fff00d86 T last_stage_init
fff00db4 T cpu_init_r
fff00e19 T reserve_arch
fff00e3b T cpu_x86_bind
fff00e94 T cpu_x86_get_vendor
fff00ecf T cpu_x86_get_desc
fff00efc T cpu_x86_get_count
fff00f87 T car_init
fff00f98 T qemu_get_low_memory_size
fff00fb8 T qemu_get_high_memory_size
fff00fdc T dram_init
fff0102b T dram_init_banksize
fff010a3 T board_get_usable_ram_top
fff010c3 T arch_cpu_init
fff010cc T checkcpu
fff010cf T arch_early_init_r
fff01219 T arch_misc_init
fff01231 T cpu_qemu_get_desc
fff0124b t cpu_qemu_get_count
fff01268 T install_e820_map
fff01368 T lapic_setup
fff013da T pirq_check_irq_routed
fff0148d T pirq_translate_link
fff014cd T pirq_assign_irq
fff01575 T irq_router_probe
fff01956 T mtrr_open
fff0199e T mtrr_close
fff019d8 T mtrr_read_all
fff01a22 T mtrr_get_var_count
fff01a2d T mtrr_write_all
fff01a95 T mtrr_commit
fff01b6d t h_comp_mtrr
fff01b8e T mtrr_set_next_var
fff01c26 T mtrr_set_valid
fff01c44 t mtrr_start_op
fff01cbf T mtrr_set
fff01cfa T pci_x86_read_config
fff01d54 T pci_x86_write_config
fff01dac T pci_assign_irqs
fff01e35 T cpu_call64
fff01e86 t code64
fff01e86 t lret_target
fff01e8b T call64_stub_size
fff01e8f T arch_setup_gd
fff01f6b t setup_identity
fff02080 T x86_cpu_init_f
fff02151 T x86_enable_caches
fff02151 W enable_caches
fff0215f T x86_disable_caches
fff0215f W disable_caches
fff0216f T dcache_status
fff0217c T cpu_has_64bit
fff021c2 T cpu_jump_to_64bit
fff02207 t build_pagetable
fff0225c T irq_common_entry
fff0228b T irq_0
fff02292 T irq_1
fff02299 T irq_2
fff022a0 T irq_3
fff022a7 T irq_4
fff022ae T irq_5
fff022b5 T irq_6
fff022bc T irq_7
fff022c3 T irq_8
fff022ca T irq_9
fff022d1 T irq_10
fff022d8 T irq_11
fff022df T irq_12
fff022e6 T irq_13
fff022ed T irq_14
fff022f4 T irq_15
fff022fb T irq_16
fff02302 T irq_17
fff02309 T irq_18
fff02310 T irq_19
fff02317 T irq_20
fff0231e T irq_21
fff02325 T irq_22
fff0232c T irq_23
fff02333 T irq_24
fff0233a T irq_25
fff02341 T irq_26
fff02348 T irq_27
fff0234f T irq_28
fff02356 T irq_29
fff0235d T irq_30
fff02364 T irq_31
fff0236b T irq_32
fff02372 T irq_33
fff02379 T irq_34
fff02380 T irq_35
fff02387 T irq_36
fff0238e T irq_37
fff02395 T irq_38
fff0239c T irq_39
fff023a3 T irq_40
fff023aa T irq_41
fff023b1 T irq_42
fff023b8 T irq_43
fff023bf T irq_44
fff023c6 T irq_45
fff023cd T irq_46
fff023d4 T irq_47
fff023db T irq_48
fff023e2 T irq_49
fff023e9 T irq_50
fff023f0 T irq_51
fff023f7 T irq_52
fff023fe T irq_53
fff02405 T irq_54
fff0240c T irq_55
fff02413 T irq_56
fff0241a T irq_57
fff02421 T irq_58
fff02428 T irq_59
fff0242f T irq_60
fff02436 T irq_61
fff0243d T irq_62
fff02444 T irq_63
fff0244b T irq_64
fff02452 T irq_65
fff02459 T irq_66
fff02460 T irq_67
fff02467 T irq_68
fff0246e T irq_69
fff02475 T irq_70
fff0247c T irq_71
fff02483 T irq_72
fff0248a T irq_73
fff02491 T irq_74
fff02498 T irq_75
fff0249f T irq_76
fff024a6 T irq_77
fff024ad T irq_78
fff024b4 T irq_79
fff024bb T irq_80
fff024c2 T irq_81
fff024c9 T irq_82
fff024d0 T irq_83
fff024d7 T irq_84
fff024de T irq_85
fff024e5 T irq_86
fff024ec T irq_87
fff024f3 T irq_88
fff024fa T irq_89
fff02501 T irq_90
fff02508 T irq_91
fff0250f T irq_92
fff02516 T irq_93
fff0251d T irq_94
fff02524 T irq_95
fff0252b T irq_97
fff02532 T irq_96
fff02539 T irq_98
fff02540 T irq_99
fff02547 T irq_100
fff0254e T irq_101
fff02555 T irq_102
fff0255c T irq_103
fff02563 T irq_104
fff0256a T irq_105
fff02571 T irq_106
fff02578 T irq_107
fff0257f T irq_108
fff02586 T irq_109
fff0258d T irq_110
fff02594 T irq_111
fff0259b T irq_112
fff025a2 T irq_113
fff025a9 T irq_114
fff025b0 T irq_115
fff025b7 T irq_116
fff025be T irq_117
fff025c5 T irq_118
fff025cc T irq_119
fff025d3 T irq_120
fff025da T irq_121
fff025e1 T irq_122
fff025e8 T irq_123
fff025ef T irq_124
fff025f6 T irq_125
fff025fd T irq_126
fff02604 T irq_127
fff0260b T irq_128
fff02615 T irq_129
fff0261f T irq_130
fff02629 T irq_131
fff02633 T irq_132
fff0263d T irq_133
fff02647 T irq_134
fff02651 T irq_135
fff0265b T irq_136
fff02665 T irq_137
fff0266f T irq_138
fff02679 T irq_139
fff02683 T irq_140
fff0268d T irq_141
fff02697 T irq_142
fff026a1 T irq_143
fff026ab T irq_144
fff026b5 T irq_145
fff026bf T irq_146
fff026c9 T irq_147
fff026d3 T irq_148
fff026dd T irq_149
fff026e7 T irq_150
fff026f1 T irq_151
fff026fb T irq_152
fff02705 T irq_153
fff0270f T irq_154
fff02719 T irq_155
fff02723 T irq_156
fff0272d T irq_157
fff02737 T irq_158
fff02741 T irq_159
fff0274b T irq_160
fff02755 T irq_161
fff0275f T irq_162
fff02769 T irq_163
fff02773 T irq_164
fff0277d T irq_165
fff02787 T irq_166
fff02791 T irq_167
fff0279b T irq_168
fff027a5 T irq_169
fff027af T irq_170
fff027b9 T irq_171
fff027c3 T irq_172
fff027cd T irq_173
fff027d7 T irq_174
fff027e1 T irq_175
fff027eb T irq_176
fff027f5 T irq_177
fff027ff T irq_178
fff02809 T irq_179
fff02813 T irq_180
fff0281d T irq_181
fff02827 T irq_182
fff02831 T irq_183
fff0283b T irq_184
fff02845 T irq_185
fff0284f T irq_186
fff02859 T irq_187
fff02863 T irq_188
fff0286d T irq_189
fff02877 T irq_190
fff02881 T irq_191
fff0288b T irq_192
fff02895 T irq_193
fff0289f T irq_194
fff028a9 T irq_195
fff028b3 T irq_196
fff028bd T irq_197
fff028c7 T irq_198
fff028d1 T irq_199
fff028db T irq_200
fff028e5 T irq_201
fff028ef T irq_202
fff028f9 T irq_203
fff02903 T irq_204
fff0290d T irq_205
fff02917 T irq_206
fff02921 T irq_207
fff0292b T irq_208
fff02935 T irq_209
fff0293f T irq_210
fff02949 T irq_211
fff02953 T irq_212
fff0295d T irq_213
fff02967 T irq_214
fff02971 T irq_215
fff0297b T irq_216
fff02985 T irq_217
fff0298f T irq_218
fff02999 T irq_219
fff029a3 T irq_220
fff029ad T irq_221
fff029b7 T irq_222
fff029c1 T irq_223
fff029cb T irq_224
fff029d5 T irq_225
fff029df T irq_226
fff029e9 T irq_227
fff029f3 T irq_228
fff029fd T irq_229
fff02a07 T irq_230
fff02a11 T irq_231
fff02a1b T irq_232
fff02a25 T irq_233
fff02a2f T irq_234
fff02a39 T irq_235
fff02a43 T irq_236
fff02a4d T irq_237
fff02a57 T irq_238
fff02a61 T irq_239
fff02a6b T irq_240
fff02a75 T irq_241
fff02a7f T irq_242
fff02a89 T irq_243
fff02a93 T irq_244
fff02a9d T irq_245
fff02aa7 T irq_246
fff02ab1 T irq_247
fff02abb T irq_248
fff02ac5 T irq_249
fff02acf T irq_250
fff02ad9 T irq_251
fff02ae3 T irq_252
fff02aed T irq_253
fff02af7 T irq_254
fff02b01 T irq_255
fff02b0b T enable_interrupts
fff02b0d T disable_interrupts
fff02b1d T interrupt_init
fff02baf T irq_llsr
fff02bcb t do_exception
fff02bf7 t dump_regs
fff02d80 T setjmp
fff02d98 T longjmp
fff02daa T memset
fff02ded T memcpy
fff02e20 T memmove
fff02f95 T boot_linux_kernel
fff02ffb T do_bootm_linux
fff0313f T arch_lmb_reserve
fff0315e T efi_add_known_memory
fff0320a T init_cache_f_r
fff03229 T irq_install_handler
fff032b4 T irq_free_handler
fff03303 T do_irq
fff0337b T i8259_init
fff033e9 T unmask_irq
fff0340f T mask_irq
fff03433 T specific_eoi
fff0344d T i8254_init
fff03464 T pirq_route_irqs
fff035a7 T copy_uboot_to_ram
fff035db T clear_bss
fff03613 T do_elf_reloc_fixups
fff036b5 T write_tables
fff036b8 T load_zimage
fff03887 t get_boot_protocol
fff038c8 t get_kernel_version
fff03923 T setup_zimage
fff03bce T zimage_dump
fff041ea t print_flags
fff04243 T do_zboot_parent
fff042fb T android_bootloader_boot_kernel
fff043da t hex_to_str
fff04431 t complete_zboot
fff0445d t do_zboot_start
fff0451e t do_zboot_load
fff045b9 t do_zboot_setup
fff04617 t do_zboot_info
fff04639 t do_zboot_go
fff0466b t do_zboot_dump
fff046a8 W board_quiesce_devices
fff046a9 T bootm_find_images
fff047b0 T bootm_disable_interrupts
fff047b5 T bootm_process_cmdline
fff047b8 T do_bootm_states
fff04d6e W switch_to_non_secure_mode
fff04d6f W arch_preboot_os
fff04d70 W board_preboot_os
fff04d71 T boot_selected_os
fff04dbb T bootm_os_get_boot_func
fff04dc3 t do_bootm_standalone
fff04e0c T image_multi_getimg
fff04e63 T image_decomp
fff04f84 T genimg_get_os_name
fff04fa9 T genimg_get_comp_name
fff04fce t on_loadaddr
fff04fed T env_get_bootm_low
fff0500e T env_get_bootm_size
fff050a9 T env_get_bootm_mapsize
fff050d1 T memmove_wd
fff050da T genimg_get_kernel_addr_fit
fff050eb T genimg_get_format
fff05117 T genimg_has_config
fff0511a T boot_get_ramdisk
fff05210 T boot_ramdisk_high
fff0531a T boot_get_setup
fff05320 T image_setup_linux
fff05383 T ab_select_slot
fff05731 T android_image_get_kernel
fff0573c T android_image_check_header
fff0573f T android_image_get_end
fff05742 T android_image_get_kload
fff05746 T android_image_get_kcomp
fff05749 T android_image_get_ramdisk
fff05761 T android_image_get_kernel_cmdline
fff05765 T android_image_is_bootconfig_used
fff05770 T android_get_preloaded_partition
fff05822 t is_same_partition
fff0587e T android_image_load
fff05dd6 t _extract_boot_image_header
fff05e50 T android_image_get_second
fff05e54 T android_image_get_dtb_by_index
fff05e57 t android_read_data
fff05f4e T android_bootloader_boot_flow
fff067f8 t do_avb_verify
fff0693b t android_part_get_info_by_name_suffix
fff069ae t get_partition_size
fff06a2c T extract_keymint_relevant_data
fff06c12 t parse_patchlevel
fff06cce T write_avb_to_keymint_console
fff06e9e t km_request_response
fff0700c t console_write
fff0706d t console_read
fff070cb T boot_fdt_add_mem_rsv_regions
fff071fd t boot_fdt_reserve_region
fff07256 T boot_relocate_fdt
fff0741b T boot_get_fdt
fff0760b W ft_verify_fdt
fff0760f W arch_fixup_fdt
fff07612 T image_setup_libfdt
fff0771e T do_bootm
fff077e6 T do_bootd
fff07801 t do_help
fff07845 t do_panic
fff07861 t do_version
fff0789c t do_ab_select
fff07936 T blk_common_cmd
fff07be8 t do_source
fff07c3a t do_boot_android
fff07c51 t do_verified_boot_android
fff07c68 t boot_android
fff07da5 T efi_set_bootdev
fff07eca T efi_install_fdt
fff080fe T efi_run_image
fff08265 t do_bootefi_exec
fff082f7 t do_bootefi
fff083d4 W bootz_setup
fff083e8 T do_bootz
fff084bf T mk_date
fff086ee t do_date
fff08857 t do_dm
fff088b5 t do_dm_dump_all
fff088c3 t do_dm_dump_uclass
fff088d1 t do_dm_dump_devres
fff088d4 t do_dm_dump_drivers
fff088e2 t do_dm_dump_driver_compat
fff088f0 t do_dm_dump_static_driver_info
fff088fe t do_echo
fff08966 t do_exit
fff0897c T do_fat_size
fff0898e T do_fat_fsload
fff089a0 t do_fat_ls
fff089b2 t do_fat_fsinfo
fff08a3d t do_fat_fswrite
fff08a4f t do_fat_rm
fff08a61 t do_fat_mkdir
fff08a73 t do_size_wrapper
fff08a85 t do_load_wrapper
fff08a97 t do_save_wrapper
fff08aa9 t do_ls_wrapper
fff08abb t do_ln_wrapper
fff08acd t do_fstype_wrapper
fff08ad2 t do_fstypes_wrapper
fff08ad7 t do_itest
fff08b45 t binary_test
fff08c6a t evalstr
fff08cb5 t evalexp
fff08d12 t do_sleep
fff08ddf t do_part
fff0916e t do_part_info
fff09287 T do_read
fff093b0 T setexpr_regex_sub
fff095af t substitute
fff09674 t do_setexpr
fff098cd t get_arg
fff09969 t regex_sub_var
fff09a6c t do_test
fff09cfe t do_false
fff09d02 t do_true
fff09d05 t do_virtio
fff09d48 t do_gpt
fff0a231 t gpt_verify
fff0a33a t set_gpt_info
fff0a833 t extract_val
fff0a8ae t extract_env
fff0a942 T do_avb_init
fff0a992 T do_avb_read_part
fff0aa47 T do_avb_read_part_hex
fff0ab5c T do_avb_write_part
fff0abf9 T do_avb_read_rb
fff0ac6f T do_avb_write_rb
fff0ace1 T do_avb_get_uuid
fff0ad4c T do_avb_verify_part
fff0addc T do_avb_is_unlocked
fff0ae46 t do_avb
fff0ae9d t do_mtrr
fff0b140 T env_set
fff0b196 t _do_env_set
fff0b321 t do_env
fff0b36c t do_env_print
fff0b3f9 t do_env_set
fff0b419 t do_env_default
fff0b4c8 t do_env_delete
fff0b559 t do_env_verified_import
fff0b7b9 t do_env_exists
fff0b801 t env_print
fff0b8b3 T board_init_f_alloc_reserve
fff0b8bc T board_init_f_init_reserve
fff0b8ec T main_loop
fff0b92d T get_version
fff0b933 T jumptable_init
fff0bb9b t dummy
fff0bb9c t mdelay
fff0bba7 T get_local_var
fff0bc0c T set_local_var
fff0bd42 T parse_string_outer
fff0be08 t parse_stream_outer
fff0c48e T parse_file_outer
fff0c4c0 T u_boot_hush_start
fff0c4fd t do_showvar
fff0c5dc t static_peek
fff0c5e2 t static_get
fff0c5f7 t done_word
fff0c878 t done_pipe
fff0c8b3 t file_peek
fff0c8b9 t free_pipe_list
fff0c976 t new_pipe
fff0c9a9 t done_command
fff0ca1a t b_addqchr
fff0ca5c t b_addchr
fff0cab1 t run_list_real
fff0d371 t insert_var_value_sub
fff0d630 t file_get
fff0d7b2 T bootdelay_process
fff0d848 T autoboot_command
fff0d92e W board_add_ram_info
fff0d92f W mach_cpu_init
fff0d932 W arch_reserve_mmu
fff0d935 W arch_reserve_stacks
fff0d938 W arch_setup_bdinfo
fff0d93b T setup_bdinfo
fff0d946 W arch_cpu_init_dm
fff0d949 T board_init_f
fff0d9b0 T board_init_f_r
fff0da2e t setup_mon_len
fff0da3e t log_init
fff0da41 t initf_bootstage
fff0da44 t setup_spl_handoff
fff0da47 t initf_dm
fff0da4f t init_baud_rate
fff0da76 t display_text_info
fff0da79 t print_resetinfo
fff0dac5 t announce_dram_init
fff0dad8 t setup_dest_addr
fff0db35 t reserve_round_4k
fff0db45 t reserve_video
fff0db48 t reserve_trace
fff0db4b t reserve_uboot
fff0db8d t reserve_malloc
fff0dbaa t reserve_board
fff0dbfe t reserve_global_data
fff0dc2e t reserve_fdt
fff0dc96 t reserve_bootstage
fff0dc99 t reserve_bloblist
fff0dc9c t reserve_stacks
fff0dcba t show_dram_config
fff0dd05 t display_new_sp
fff0dd08 t reloc_fdt
fff0dd63 t reloc_bootstage
fff0dd66 t reloc_bloblist
fff0dd69 t setup_reloc
fff0ddb5 t jump_to_copy
fff0dde6 W cpu_secondary_init_r
fff0dde9 W arch_initr_trap
fff0ddec W power_init_board
fff0ddef T board_init_r
fff0de52 t initr_trace
fff0de55 t initr_reloc
fff0de65 t initr_reloc_global_data
fff0de97 t initr_barrier
fff0de9a t initr_malloc
fff0debc t log_init
fff0debf t initr_bootstage
fff0dec2 t initr_of_live
fff0dec5 t initr_dm
fff0def3 t initr_binman
fff0df1a t initr_dm_devices
fff0df1d t initr_announce
fff0df20 t initr_env
fff0df77 t run_main_loop
fff0df81 W checkboard
fff0df84 W show_board_info
fff0dfbf T fdt_find_and_setprop
fff0e011 T fdt_find_or_add_subnode
fff0e060 T fdt_root
fff0e0e8 T fdt_initrd
fff0e285 W board_fdt_chosen_bootargs
fff0e28f T fdt_chosen
fff0e32b T do_fixup_by_path
fff0e36a T fdt_fixup_ethernet
fff0e4d0 T fdt_shrink_to_minimum
fff0e5b7 T fdt_support_default_count_cells
fff0e608 T fdt_translate_address
fff0e623 t __of_translate_address
fff0e893 t of_bus_default_map
fff0e944 t of_bus_default_translate
fff0e9a2 T cli_readline
fff0e9b5 T cli_readline_into_buffer
fff0f228 t delete_char
fff0f2c1 t cread_add_char
fff0f37f T cli_simple_process_macros
fff0f549 T bounce_buffer_start_extalign
fff0f5c1 T bounce_buffer_stop
fff0f602 t on_console
fff0f6a4 T console_puts_select
fff0f6f1 T fputs
fff0f703 T getchar
fff0f743 T tstc
fff0f76b T putc
fff0f7af T puts
fff0f7e5 T ctrlc
fff0f826 T disable_ctrlc
fff0f834 T had_ctrlc
fff0f83c T clear_ctrlc
fff0f844 T console_assign
fff0f87a t console_setfile
fff0f922 T console_announce_r
fff0f94f T console_init_f
fff0f965 T console_init_r
fff0fa52 T sbrk
fff0fa90 T mem_malloc_init
fff0faa3 T malloc
fff1000a T free
fff10200 T malloc_trim
fff102c2 T realloc
fff106c4 T memalign
fff10816 T calloc
fff108a2 T initf_malloc
fff108cb T malloc_simple
fff108d5 t alloc_simple
fff10945 T memalign_simple
fff1094e W get_effective_memsize
fff1095c T stdio_file_to_flags
fff1096f T stdio_get_list
fff10975 T stdio_get_by_name
fff109a8 T stdio_clone
fff109da T stdio_register_dev
fff10a1c T stdio_init_tables
fff10a2e T stdio_add_devices
fff10aad t stdio_serial_putc
fff10ab4 t stdio_serial_puts
fff10abb t stdio_serial_getc
fff10ac0 t stdio_serial_tstc
fff10ac5 T run_command
fff10ad1 T run_command_list
fff10b2e T do_run
fff10b83 T cli_process_fdt
fff10baf T cli_secure_boot_cmd
fff10c10 T cli_loop
fff10c1a T cli_init
fff10c1f T _do_help
fff10d4c T find_cmd_tbl
fff10de1 T cmd_usage
fff10e35 T find_cmd
fff10e69 T var_complete
fff10ec8 T complete_subcmdv
fff1103a T cmd_auto_complete
fff113b8 T cmd_get_data_size
fff11413 T cmd_always_repeatable
fff11430 T cmd_never_repeatable
fff1144d T cmd_discard_repeatable
fff11465 T cmd_process
fff115a5 T cmd_process_error
fff115ce T avb_ops_alloc
fff11653 t read_from_partition
fff11677 t write_to_partition
fff11699 t validate_vbmeta_public_key
fff116d9 t read_rollback_index
fff11706 t write_rollback_index
fff11721 t read_is_device_unlocked
fff11746 t get_unique_guid_for_partition
fff11786 t get_size_of_partition
fff117c0 T avb_ops_free
fff117f6 T avb_verify
fff11838 T avb_verify_partitions
fff1197f T avb_find_main_pubkey
fff119b1 t blk_byte_io
fff11c74 t get_partition
fff11d07 t blk_read_and_flush
fff11dcf t blk_write
fff11e82 T bcc_init
fff11f17 T format_config_descriptor
fff11fad T bcc_vm_instance_handover
fff124db t boot_measurement_from_avb_data
fff12570 t sha256
fff125a7 T bcc_vm_instance_avf_boot_state
fff125b0 T bcc_get_sealing_key
fff126bf t vm_instance_format
fff127fc T vm_instance_load_entry
fff1294b t read_and_verify_img_hdr_block
fff129c0 t find_partition
fff12a89 T vm_instance_save_entry
fff12c42 T vm_instance_new_salt
fff12c91 T qfw_get_dev
fff12c9d T qfw_online_cpus
fff12cbf T blk_get_dev
fff12cd4 t get_dev_hwpart
fff12cff T dev_print
fff12e9b T part_init
fff12f17 T part_print
fff12f8b t part_driver_lookup_type
fff13056 T part_get_info
fff130a6 T part_get_info_whole_disk
fff130e6 T blk_get_device_by_str
fff131c8 T blk_get_device_part_str
fff13567 T part_get_info_by_name_type
fff135f4 T part_get_info_by_name
fff13600 T part_get_info_by_dev_and_name
fff1368a T part_get_info_by_dev_and_name_or_num
fff136e7 T part_set_generic_name
fff1371e t test_block_type
fff137a6 t part_get_info_dos
fff137c8 t part_print_dos
fff137f2 t part_test_dos
fff1386f t part_get_info_extended
fff13aa8 t print_partition_extended
fff13ce6 T get_disk_guid
fff13d62 t find_valid_gpt
fff13dff T part_print_efi
fff13fd2 t is_pte_valid
fff14023 T part_get_info_efi
fff141bb T write_gpt_table
fff142ce t set_protective_mbr
fff143ac T gpt_fill_pte
fff145ea T gpt_fill_header
fff146ba T gpt_restore
fff147c0 T gpt_verify_headers
fff14841 t is_gpt_valid
fff14a66 T gpt_verify_partitions
fff14be9 t validate_gpt_header
fff14cf8 t validate_gpt_entries
fff14d33 t part_test_efi
fff14dc0 T device_bind_with_driver_data
fff14de5 t device_bind_common
fff150f4 T device_bind
fff15119 T device_bind_by_name
fff15178 T device_of_to_plat
fff1525d T device_probe
fff15337 T device_get_uclass_id
fff15341 T dev_get_plat
fff15368 T dev_get_parent_plat
fff1538f T dev_get_uclass_plat
fff153b6 T dev_get_priv
fff153dd T dev_get_uclass_priv
fff15404 T dev_get_parent_priv
fff1542b T device_find_first_child
fff15445 T device_find_next_child
fff15464 T dev_get_parent
fff15468 T dev_get_driver_data
fff1546c T device_set_name_alloced
fff15471 T device_set_name
fff15497 T dev_set_priv
fff1549b T dev_set_parent_priv
fff1549f T dev_set_uclass_priv
fff154a3 t alloc_priv
fff154f4 T devfdt_get_addr_index
fff155a7 T devfdt_get_addr
fff155ae T devfdt_get_addr_pci
fff15625 T lists_driver_lookup_name
fff1569b T lists_uclass_lookup
fff156fb T lists_bind_drivers
fff157d8 T device_bind_driver
fff157fa T device_bind_driver_to_node
fff1589c T lists_bind_fdt
fff15a8c T dm_root
fff15ab8 T dm_init
fff15b3e T dm_remove_devices_flags
fff15b77 T dm_scan_plat
fff15ba1 T dm_scan_fdt_dev
fff15bc7 t dm_scan_fdt_node
fff15c5b T dm_extended_scan
fff15cba W dm_scan_other
fff15cbd T dm_init_and_scan
fff15cf8 T uclass_find
fff15d3c T uclass_get
fff15e53 T dev_get_uclass_index
fff15e88 T uclass_find_device
fff15ecd T uclass_find_device_by_name
fff15f37 T uclass_find_next_free_seq
fff15f8d T uclass_find_device_by_seq
fff15fd4 T uclass_find_device_by_of_offset
fff1601a T uclass_find_device_by_ofnode
fff16060 T uclass_get_device
fff1608e T uclass_get_device_by_name
fff160bc T uclass_get_device_by_seq
fff160ea T uclass_get_device_by_of_offset
fff16118 T uclass_get_device_by_ofnode
fff16146 T uclass_first_device
fff16187 T uclass_first_device_err
fff161a7 T uclass_next_device
fff161dd T uclass_first_device_check
fff16223 T uclass_next_device_check
fff16248 T uclass_first_device_drvdata
fff162ad T uclass_bind_device
fff16304 T uclass_unbind_device
fff16337 T uclass_pre_probe_device
fff16377 T uclass_post_probe_device
fff163b5 T uclass_pre_remove_device
fff163d1 T pci_get_devfn
fff16406 T devres_release_probe
fff1641e t release_nodes
fff16472 T devres_release_all
fff1648a T device_chld_remove
fff164e4 T device_remove
fff165d6 T device_free
fff16659 T dm_dump_all
fff16696 t show_devices
fff1677b T dm_dump_uclass
fff16839 T dm_dump_driver_compat
fff1692e T dm_dump_drivers
fff16a75 T dm_dump_static_driver_info
fff16ad9 t init_range
fff16b30 T regmap_init_mem
fff16c7c T syscon_get_by_driver_data
fff16c90 t syscon_pre_probe
fff16cc0 T ofnode_get_name
fff16cd9 T ofnode_read_u32_index
fff16d2b T ofnode_read_u32_default
fff16d46 T ofnode_read_bool
fff16d6b T ofnode_get_property
fff16d8b T ofnode_read_string
fff16dc8 T ofnode_read_size
fff16df7 T ofnode_is_enabled
fff16e13 T ofnode_first_subnode
fff16e37 T ofnode_next_subnode
fff16e5b T ofnode_get_parent
fff16e78 T ofnode_path
fff16e9c T ofnode_get_chosen_node
fff16f03 T ofnode_is_available
fff16f1f T ofnode_read_pci_addr
fff16fd2 T ofnode_read_pci_vendev
fff170a4 T ofnode_read_simple_addr_cells
fff170b4 T ofnode_read_simple_size_cells
fff170c4 T ofnode_pre_reloc
fff17154 T ofnode_read_resource
fff171bd T ofnode_conf_read_int
fff171fb T ofnode_conf_read_str
fff1722a T sysreset_get_status
fff17248 T sysreset_walk
fff172b5 T sysreset_walk_halt
fff172e3 T do_reset
fff1732a t sysreset_post_bind
fff1732d T pch_sysreset_power_off
fff173b0 t x86_sysreset_probe
fff173ca t x86_sysreset_request
fff173f2 t x86_sysreset_get_last
fff173f8 T pch_ioctl
fff1741d T pci_get_bus
fff17460 T dm_pci_get_bdf
fff17497 T pci_bus_find_devfn
fff174ec T dm_pci_write_config
fff17562 T pci_write_config32
fff1757a t pci_write_config
fff175cb T pci_write_config16
fff175e3 T pci_write_config8
fff175fb T dm_pci_write_config8
fff1760e T dm_pci_read_config
fff17683 t pci_read_config
fff176d3 T pci_read_config16
fff176fd T pci_read_config8
fff17725 T dm_pci_read_config8
fff1774a T dm_pci_read_config16
fff17771 T dm_pci_read_config32
fff17796 W board_pci_fixup_dev
fff17797 T pci_bind_bus_devices
fff17c7f T dm_pci_read_bar32
fff17cbb T dm_pci_bus_range_to_phys
fff17d63 T dm_pci_find_next_capability
fff17d79 t _dm_pci_find_next_capability
fff17e04 T dm_pci_find_capability
fff17e73 t pci_uclass_pre_probe
fff1810a t pci_uclass_post_probe
fff18120 t pci_uclass_child_post_bind
fff18151 T pci_init
fff18183 t pci_bridge_read_config
fff181bc t pci_bridge_write_config
fff181f6 t _pci_x86_read_config
fff18215 t _pci_x86_write_config
fff18234 T setup_video
fff182e3 T serial_init
fff1842a T serial_setbrg
fff18469 T serial_initialize
fff18477 T serial_putc
fff184cb T serial_puts
fff1852a T serial_getc
fff18563 T serial_tstc
fff18596 T serial_stdio_init
fff18597 t on_baudrate
fff1866e t serial_post_probe
fff18708 t serial_pre_remove
fff1870b t serial_stub_putc
fff18747 t serial_stub_puts
fff1878e t serial_stub_getc
fff187af t serial_stub_tstc
fff187c7 T ns16550_init
fff1884d t ns16550_setbrg
fff188be T ns16550_serial_probe
fff1891e T ns16550_serial_of_to_plat
fff189de t ns16550_serial_setbrg
fff18a14 t ns16550_serial_getc
fff18a4f t ns16550_serial_putc
fff18a8d t ns16550_serial_pending
fff18ac0 t ns16550_serial_setconfig
fff18b0e t ns16550_serial_getinfo
fff18b4d T timer_get_count
fff18b73 T timer_get_rate
fff18b81 T dm_timer_init
fff18c4f t timer_pre_probe
fff18c78 t timer_post_probe
fff18c90 T get_timer
fff18cce T timer_get_us
fff18d00 T __udelay
fff18d4d t tsc_timer_ensure_setup
fff19094 t tsc_timer_probe
fff190dd t tsc_timer_get_count
fff190f9 T virtio_get_config
fff19113 T virtio_generation
fff1912a T virtio_reset
fff19135 T virtio_find_vqs
fff19149 T virtio_notify
fff19156 T virtio_add_status
fff19188 T virtio_finalize_features
fff191e1 T virtio_driver_features_init
fff191fa T virtio_init
fff1922f t virtio_uclass_pre_probe
fff1927d t virtio_uclass_post_probe
fff1931b t virtio_uclass_child_post_bind
fff1932c t virtio_uclass_child_pre_probe
fff19522 t virtio_uclass_child_post_probe
fff19535 T virtqueue_add
fff196f0 t virtqueue_attach_desc
fff19850 T virtqueue_kick
fff198b9 T virtqueue_get_buf
fff199ef T vring_create_virtqueue
fff19c5a t virtio_alloc_pages
fff19c8c T vring_del_virtqueue
fff19ce0 T virtqueue_get_vring_size
fff19ce4 T virtqueue_get_desc_addr
fff19ce8 T virtqueue_get_avail_addr
fff19cec T virtqueue_get_used_addr
fff19cf0 T virtqueue_poll
fff19d13 t __bb_force_page_align
fff19d2f t virtio_iommu_map_pages
fff19d83 t virtqueue_detach_desc
fff19db8 t virtio_iommu_unmap_pages
fff19e0d t virtio_pci_bind
fff19e49 t virtio_pci_probe
fff19fb2 t virtio_pci_find_capability
fff1a0be t virtio_pci_map_capability
fff1a112 t virtio_pci_get_config
fff1a203 t virtio_pci_set_config
fff1a32e t virtio_pci_generation
fff1a357 t virtio_pci_get_status
fff1a37d t virtio_pci_set_status
fff1a3c7 t virtio_pci_reset
fff1a419 t virtio_pci_get_features
fff1a488 t virtio_pci_set_features
fff1a512 t virtio_pci_find_vqs
fff1a6f2 t virtio_pci_del_vqs
fff1a751 t virtio_pci_notify
fff1a7be t virtio_blk_bind
fff1a852 t virtio_blk_probe
fff1a8e2 t virtio_blk_read
fff1a8fd t virtio_blk_write
fff1a918 t virtio_blk_do_req
fff1a9ec t virtio_console_bind
fff1aa12 t virtio_console_probe
fff1aa50 t add_inbuf
fff1aab0 t virtio_console_serial_setbrg
fff1aab3 t virtio_console_serial_getc
fff1ab12 t virtio_console_serial_putc
fff1ab73 t virtio_console_serial_pending
fff1ab8d T blk_get_if_type_name
fff1ab95 T blk_get_devnum_by_typename
fff1ac44 T blk_list_part
fff1acae t get_desc
fff1ad59 T blk_print_part_devnum
fff1ad8a T blk_list_devices
fff1addc T blk_print_device_num
fff1ae18 T blk_show_device
fff1ae80 T blk_read_devnum
fff1aeb3 T blk_dread
fff1af31 T blk_write_devnum
fff1af64 T blk_dwrite
fff1afa8 T blk_dselect_hwpart
fff1afc6 T blk_find_device
fff1b035 T blk_find_max_devnum
fff1b08f T blk_next_free_devnum
fff1b0b1 T blk_create_device
fff1b21a t blk_post_probe
fff1b22d T blkcache_read
fff1b2f3 T blkcache_fill
fff1b425 T blkcache_invalidate
fff1b481 t uclass_cpu_init
fff1b4cd T irq_snapshot_polarities
fff1b4e1 T irq_first_device_type
fff1b4ef T qfw_read_entry
fff1b563 T qfw_register
fff1b5cf t qfw_pio_probe
fff1b5d4 t qfw_pio_read_entry_io
fff1b5f8 t qfw_pio_read_entry_dma
fff1b602 T dm_rtc_get
fff1b615 T dm_rtc_set
fff1b629 T dm_rtc_reset
fff1b63d t rtc_mc146818_probe
fff1b65e t rtc_mc146818_get
fff1b754 t rtc_mc146818_set
fff1b870 t rtc_mc146818_reset
fff1b89b t rtc_mc146818_read8
fff1b8b7 t rtc_mc146818_write8
fff1b8d6 T dm_rng_read
fff1b8f3 T env_set_ulong
fff1b90d T env_set_hex
fff1b939 T env_get_hex
fff1b974 T env_get
fff1ba11 t env_get_from_linear
fff1bad6 T env_get_ulong
fff1bafc T env_get_yesno
fff1bb39 T env_get_default
fff1bb77 T env_set_default
fff1bbfa T env_set_default_vars
fff1bc33 T env_relocate
fff1bc4c T env_complete
fff1bdd1 W env_get_location
fff1bddd T env_load
fff1bf03 T env_init
fff1c02c T env_attr_walk
fff1c129 T env_attr_lookup
fff1c190 t regex_callback
fff1c2d0 T env_flags_parse_vartype
fff1c316 T env_flags_parse_varaccess
fff1c35f T env_flags_init
fff1c3f7 t on_flags
fff1c432 T env_flags_validate
fff1c5fa t clear_flags
fff1c604 t set_flags
fff1c671 T env_callback_init
fff1c748 t on_callbacks
fff1c783 t clear_callback
fff1c78d t set_callback
fff1c836 t env_nowhere_load
fff1c855 t env_nowhere_init
fff1c865 T fs_get_type
fff1c86b T fs_set_blk_dev
fff1c8ef T fs_set_blk_dev_with_part
fff1c971 T fs_close
fff1c997 T fs_exists
fff1c9d8 T fs_size
fff1ca19 T fs_read
fff1ca7e T fs_write
fff1cb0b T fs_opendir
fff1cb73 T fs_readdir
fff1cbd5 T fs_closedir
fff1cc21 T fs_unlink
fff1cc62 T fs_mkdir
fff1cca3 T fs_ln
fff1ccef T do_size
fff1cd71 T do_load
fff1d0ec T do_ls
fff1d181 T file_exists
fff1d1d7 T do_save
fff1d31c T do_fs_type
fff1d3b5 T do_rm
fff1d424 T do_mkdir
fff1d4a5 T do_ln
fff1d4e8 T do_fs_types
fff1d550 t fs_ls_generic
fff1d600 t fs_ln_unsupported
fff1d604 t fs_probe_unsupported
fff1d608 t fs_ls_unsupported
fff1d60c t fs_exists_unsupported
fff1d60f t fs_size_unsupported
fff1d613 t fs_read_unsupported
fff1d617 t fs_write_unsupported
fff1d61b t fs_close_unsupported
fff1d61c t fs_uuid_unsupported
fff1d620 t fs_opendir_unsupported
fff1d626 t fs_unlink_unsupported
fff1d62a t fs_mkdir_unsupported
fff1d62e T fat_set_blk_dev
fff1d6f0 T fat_next_cluster
fff1d7f1 t get_fatent
fff1d965 T file_fat_detectfs
fff1da20 t read_bootsectandvi
fff1db2d T fat_exists
fff1db8f t fat_itr_root
fff1dcfc t fat_itr_resolve
fff1de56 T fat_size
fff1df00 T file_fat_read_at
fff1e309 T fat_read_file
fff1e34c T fat_opendir
fff1e3de T fat_readdir
fff1e4d4 t fat_itr_next
fff1e736 t fat2rtc
fff1e78a T fat_closedir
fff1e7a6 T fat_close
fff1e7a7 T fat_uuid
fff1e800 T file_fat_write_at
fff1ea99 t split_filename
fff1eb7c t normalize_longname
fff1ec1f t find_directory_entry
fff1ec7a t set_name
fff1ee9e t fat_find_empty_dentries
fff1f02a t fill_dir_slot
fff1f226 t fill_dentry
fff1f280 t set_contents
fff1fd02 t flush_dirty_fat_buffer
fff1fd7f t flush_dir
fff1fe07 T file_fat_write
fff1fe2c T fat_unlink
fff200f7 T fat_mkdir
fff20484 t fat_itr_child
fff204de t get_cluster
fff2067f t next_dent
fff206d0 t downcase
fff206fc t str2fat
fff2075e t fat_move_to_cluster
fff2079f t set_fatent_value
fff20938 t clear_fatent
fff2099c t determine_fatent
fff209cb t disk_write
fff20a22 t set_sectors
fff20b8e t delete_single_dentry
fff20bc1 T efi_driver_init
fff20c99 t efi_uc_init
fff20c9c t efi_uc_destroy
fff20c9f t efi_uc_supported
fff20d38 t efi_uc_start
fff20de7 t efi_uc_stop
fff20eec t check_node_type
fff20f45 t disconnect_child
fff20f9a t efi_bl_read
fff20fe8 t efi_bl_write
fff21036 t efi_bl_bind
fff21148 T efi_bootmgr_load
fff21290 t try_load_entry
fff21466 T __efi_entry_check
fff2147c T __efi_exit_check
fff21488 T efi_save_gd
fff21489 T efi_restore_gd
fff2148a T efi_signal_event
fff2151c t efi_queue_event
fff2157b T efi_add_handle
fff2159f T efi_create_handle
fff215e7 T efi_search_protocol
fff2164d T efi_search_obj
fff2166e T efi_remove_protocol
fff216ae T efi_remove_all_protocols
fff216f9 T efi_delete_handle
fff21725 T efi_create_event
fff21833 T efi_create_event_ex
fff21890 T efi_timer_check
fff21909 t efi_process_event_queue
fff21980 T efi_set_timer
fff21a59 T efi_add_protocol
fff21b7c T efi_register_protocol_notify
fff21c05 T efi_install_configuration_table
fff21d2d T efi_setup_loaded_image
fff21e51 T efi_load_image
fff2226f T efi_close_protocol
fff22328 T efi_locate_handle_buffer
fff223c9 t efi_locate_handle
fff22505 T efi_install_multiple_protocol_interfaces
fff22643 t efi_locate_device_path
fff22765 t efi_install_protocol_interface
fff227b8 t efi_uninstall_protocol_interface
fff2280b T efi_protocol_open
fff229a3 t efi_disconnect_controller
fff22bfe T efi_start_image
fff22d0b t efi_open_protocol
fff22e32 T efi_unload_image
fff22efd t efi_delete_image
fff22f81 T efi_handle_protocol
fff22fa3 T efi_initialize_system_table
fff23005 t efi_uninstall_protocol
fff230ca t efi_disconnect_all_drivers
fff2322d t efi_raise_tpl
fff23247 t efi_restore_tpl
fff23272 t efi_allocate_pages_ext
fff2329f t efi_free_pages_ext
fff232c3 t efi_get_memory_map_ext
fff232f9 t efi_allocate_pool_ext
fff2331d t efi_free_pool_ext
fff23339 t efi_create_event_ext
fff23371 t efi_set_timer_ext
fff233a3 t efi_wait_for_event
fff23467 t efi_signal_event_ext
fff234b7 t efi_close_event
fff235a8 t efi_check_event
fff2360b t efi_reinstall_protocol_interface
fff23670 t efi_locate_handle_ext
fff236a7 t efi_install_configuration_table_ext
fff236c7 t efi_exit
fff237cb t efi_exit_boot_services
fff23941 t efi_get_next_monotonic_count
fff2397e t efi_stall
fff239c9 t efi_set_watchdog_timer
fff239e5 t efi_connect_controller
fff23bbf t efi_open_protocol_information
fff23c9e t efi_protocols_per_handle
fff23d61 t efi_locate_protocol
fff23e5f t efi_uninstall_multiple_protocol_interfaces
fff23f58 t efi_calculate_crc32
fff23fa1 t efi_copy_mem
fff23fc5 t efi_set_mem
fff23fea t efi_bind_controller
fff2407b T efi_get_dp_from_boot
fff24121 t efi_cout_reset
fff24176 t efi_cout_output_string
fff242ab t efi_cout_test_string
fff242be t efi_cout_query_mode
fff24315 t efi_cout_set_mode
fff2437c t efi_cout_set_attribute
fff243d6 t efi_cout_clear_screen
fff24401 t efi_cout_set_cursor_position
fff24470 t efi_cout_enable_cursor
fff244ae T set_shift_mask
fff244f5 t efi_cin_reset
fff2451f t efi_cin_read_key_stroke
fff24577 T efi_console_register
fff24843 t efi_key_notify
fff24858 t efi_console_timer_notify
fff2486d t efi_cin_empty_buffer
fff2488b t efi_cin_check
fff24b3d t analyze_modifiers
fff24b9f t term_get_char
fff24bd7 t efi_cin_reset_ex
fff24c01 t efi_cin_read_key_stroke_ex
fff24cb2 t efi_cin_set_state
fff24cc8 t efi_cin_register_key_notify
fff24d4d t efi_cin_unregister_key_notify
fff24da2 T efi_dp_next
fff24dc1 T efi_dp_match
fff24e42 T efi_dp_find_obj
fff24e80 t find_obj
fff24fd1 T efi_dp_last_node
fff24ff8 T efi_dp_instance_size
fff25021 T efi_dp_size
fff25040 T efi_dp_dup
fff2508b t dp_alloc
fff250bf T efi_dp_append
fff250d4 t efi_dp_append_or_concatenate
fff251b8 T efi_dp_append_node
fff2526b T efi_dp_create_device_node
fff252a3 T efi_dp_append_instance
fff2537d T efi_dp_get_next_instance
fff2540f T efi_dp_is_multi_instance
fff25430 T efi_dp_from_part
fff2546e t dp_part_size
fff254ba t dp_part_fill
fff25508 T efi_dp_part_node
fff2553e t dp_part_node
fff25644 T efi_dp_from_file
fff2572e T efi_dp_from_uart
fff25777 T efi_dp_from_mem
fff257ba T efi_dp_split_file_path
fff2582c T efi_dp_from_name
fff25965 T efi_dp_check_length
fff259ad T efi_dp_from_lo
fff25a25 t dp_size
fff25aa4 t dp_fill
fff25ba1 T efi_dp_str
fff25bcb t efi_convert_device_path_to_text
fff25c3d t efi_convert_device_node_to_text
fff25c7f t efi_convert_single_device_node_to_text
fff26153 t efi_str_to_u16
fff26196 t get_device_path_size
fff261c3 t duplicate_device_path
fff261e5 t append_device_path
fff2620d t append_device_node
fff26235 t append_device_path_instance
fff2625d t get_next_device_path_instance
fff26285 t is_device_path_multi_instance
fff262a7 t create_device_node
fff262d6 T efi_carve_out_dt_rsv
fff263d8 t efi_reserve_memory
fff26420 t efi_dt_fixup
fff2652a T efi_file_size
fff265be T efi_file_from_path
fff266c3 T efi_simple_file_system
fff266fa t efi_open_volume
fff2675b t efi_file_open
fff267a5 t efi_file_close
fff267cd t efi_file_delete
fff2681c t efi_file_read
fff2684f t efi_file_write
fff26882 t efi_file_getpos
fff268b7 t efi_file_setpos
fff2692b t efi_file_getinfo
fff26b15 t efi_file_setinfo
fff26c22 t efi_file_flush
fff26c53 t efi_file_open_ex
fff26cb8 t efi_file_read_ex
fff26d08 t efi_file_write_ex
fff26d58 t efi_file_flush_ex
fff26da1 t efi_file_open_int
fff27032 t efi_file_read_int
fff272d2 t efi_get_file_size
fff27306 t efi_file_write_int
fff27398 t new_package_list
fff2743b t remove_package_list
fff2747a t update_package_list
fff2752d t list_package_lists
fff275f7 t export_package_lists
fff27625 t register_package_notify
fff27666 t unregister_package_notify
fff2767c t find_keyboard_layouts
fff27721 t get_keyboard_layout
fff277b1 t set_keyboard_layout
fff277c7 t get_package_list_handle
fff27816 t new_string
fff278ff t get_string
fff279a6 t set_string
fff27aac t get_languages
fff27b78 t get_secondary_languages
fff27bfc t add_packages
fff27eec t free_packagelist
fff27f21 t free_keyboard_layouts
fff27f63 t remove_strings_package
fff27fc4 t remove_guid_package
fff27ff5 t remove_keyboard_package
fff2802d t language_match
fff28062 T efi_print_image_infos
fff28136 W invalidate_icache_all
fff28137 T efi_check_pe
fff28175 T efi_load_pe
fff284bf t efi_set_code_and_data_type
fff28506 T efi_set_load_options
fff28590 T efi_deserialize_load_option
fff28615 T efi_add_memory_map
fff28652 t efi_add_memory_map_pg
fff289cd T efi_allocate_pages
fff28bb2 t efi_check_allocated
fff28c17 T efi_free_pages
fff28c84 T efi_alloc_aligned_pages
fff28db3 T efi_allocate_pool
fff28e2c T efi_free_pool
fff28eb5 T efi_get_memory_map
fff28f73 T efi_add_conventional_memory_map
fff29016 T efi_memory_init
fff29090 t efi_mem_cmp
fff290c1 T efi_root_node_register
fff29180 T efi_init_runtime_supported
fff291c6 W efi_reset_system_init
fff291c9 t efi_get_time_boottime
fff292a8 t efi_set_time_boottime
fff292be t efi_set_virtual_address_map
fff294dd t efi_reset_system_boottime
fff2953a W allow_unaligned
fff2953b T efi_init_obj_list
fff296ca T efi_create_indexed_name
fff2972a t efi_stri_coll
fff29797 t efi_metai_match
fff297bd t efi_str_lwr
fff297f5 t efi_str_upr
fff2982d t efi_fat_to_str
fff2987c t efi_str_to_fat
fff2994c t metai_match
fff29ab2 T efi_get_variable
fff29afe T efi_set_variable
fff29b42 T efi_get_next_variable_name
fff29b6e T efi_query_variable_info
fff29bc2 T efi_init_secure_state
fff29cdc T efi_auth_var_get_type
fff29d2f T efi_get_var
fff29d96 T efi_var_mem_init
fff29e36 t efi_var_mem_notify_exit_boot_services
fff29e88 T efi_var_collect
fff2a01c T efi_var_to_file
fff2a0af t efi_set_blk_dev_to_system_partition
fff2a122 T efi_var_restore
fff2a246 T efi_var_from_file
fff2a2f3 T efi_set_variable_int
fff2a4fd T efi_query_variable_info_int
fff2a52a T efi_variables_boot_exit_notify
fff2a55c T efi_init_variables
fff2a57d T efi_set_watchdog
fff2a5b9 T efi_watchdog_register
fff2a625 t efi_watchdog_timer_notify
fff2a653 T efi_fs_from_path
fff2a6b5 T efi_disk_create_partitions
fff2a79e t efi_disk_add_dev
fff2a9e8 T efi_disk_register
fff2aaf0 t efi_disk_reset
fff2ab03 t efi_disk_read_blocks
fff2abb2 t efi_disk_write_blocks
fff2ac70 t efi_disk_flush_blocks
fff2ac83 t efi_disk_rw_blocks
fff2acf0 W platform_get_rng_device
fff2ad1e T efi_rng_register
fff2ad6a t rng_getinfo
fff2ade7 t getrng
fff2ae89 T efi_initrd_register
fff2af3e T efi_initrd_deregister
fff2af59 t efi_load_file2_initrd
fff2b088 t find_image_node
fff2b0e0 T binman_init
fff2b121 T console_read_unicode
fff2b1e8 T utf8_get
fff2b2ad T utf8_put
fff2b343 T utf8_utf16_strnlen
fff2b392 T utf8_utf16_strncpy
fff2b3f5 T utf16_put
fff2b458 T utf16_get
fff2b4d0 T utf16_strnlen
fff2b51a T utf16_utf8_strnlen
fff2b589 T utf16_utf8_strncpy
fff2b5ec T utf_to_lower
fff2b620 T utf_to_upper
fff2b654 T u16_strncmp
fff2b683 T u16_strlen
fff2b69c T u16_strdup
fff2b6e8 T utf16_to_utf8
fff2b7e8 T utf_to_cp
fff2b825 T list_sort
fff2b9b6 t merge
fff2ba19 T sha256_starts
fff2ba59 T sha256_update
fff2baf1 t sha256_process
fff2e586 T sha256_finish
fff2e6c5 T inflate_fast
fff2ec0d T inflate_table
fff2f097 T inflateReset
fff2f0ef T inflateInit2_
fff2f1ce T zcalloc
fff2f1d8 T zcfree
fff2f1df T inflate
fff30cf2 T adler32
fff30f5c T inflateEnd
fff30fa4 T gzalloc
fff30fb2 T gzfree
fff30fb9 T gzip_parse_header
fff3102e T gunzip
fff31072 T zunzip
fff31145 T ulz4fn
fff314fc t LZ4_copy8
fff31507 T ERR_put_error
fff3153a T OPENSSL_memory_alloc
fff3153f T OPENSSL_memory_free
fff31544 T sdallocx
fff3156a T CRYPTO_sysrand
fff31571 t fill_with_entropy
fff315bd T CRYPTO_sysrand_for_seed
fff315c4 T CRYPTO_get_fork_generation
fff315c9 T aes_nohw_set_encrypt_key
fff32251 T aes_nohw_encrypt
fff322aa t aes_nohw_expand_round_keys
fff32343 t aes_nohw_to_batch
fff3255b t aes_nohw_encrypt_batch
fff32667 t aes_nohw_from_batch
fff328bc T aes_nohw_ctr32_encrypt_blocks
fff32a27 t aes_nohw_sub_block
fff32a89 t aes_nohw_transpose
fff32aff t aes_nohw_sub_bytes
fff32da9 t aes_nohw_mix_columns
fff32ff1 t fe_tobytes
fff33312 t fe_sq_tt
fff33c66 t fe_sub
fff33d1f t fe_carry
fff33e1c t fe_add
fff33eac T x25519_ge_p3_to_cached
fff33efd T x25519_ge_p1p1_to_p3
fff33f52 T x25519_ge_add
fff341bd T x25519_ge_scalarmult_small_precomp
fff34478 t fe_frombytes_strict
fff3462f t ge_madd
fff34801 T x25519_sc_reduce
fff3601c T ED25519_keypair_from_seed
fff3608f T ED25519_sign
fff39688 t ge_p3_tobytes
fff39705 t fe_loose_invert
fff398ce t fe_mul_impl
fff3a82d t fe_sq_tl
fff3b181 T EVP_AEAD_max_overhead
fff3b186 T EVP_AEAD_CTX_init
fff3b1d6 T EVP_AEAD_CTX_cleanup
fff3b1f0 T EVP_AEAD_CTX_init_with_direction
fff3b26a T EVP_AEAD_CTX_seal
fff3b371 T EVP_AEAD_CTX_open
fff3b4a7 T EVP_AEAD_CTX_open_gather
fff3b54e T aes_ctr_set_key
fff3b59b T EVP_aead_aes_256_gcm_randnonce
fff3b5b6 t EVP_aead_aes_256_gcm_randnonce_init
fff3b60a t aead_aes_gcm_cleanup
fff3b60b t aead_aes_gcm_init_impl
fff3b6b6 t aead_aes_gcm_seal_scatter_impl
fff3b893 t aead_aes_gcm_open_gather_impl
fff3b9fd t aead_aes_gcm_init_randnonce
fff3ba77 t aead_aes_gcm_seal_scatter_randnonce
fff3bb48 t aead_aes_gcm_open_gather_randnonce
fff3bbdd T EVP_MD_size
fff3bbe1 T EVP_MD_block_size
fff3bbe5 T EVP_MD_CTX_init
fff3bbf1 T EVP_MD_CTX_cleanup
fff3bc21 T EVP_MD_CTX_copy_ex
fff3bd0e T EVP_DigestInit_ex
fff3bd67 T EVP_DigestUpdate
fff3bd78 T EVP_DigestFinal_ex
fff3bda5 T EVP_sha512
fff3bdc0 t EVP_sha512_init
fff3be11 t sha512_init
fff3be19 t sha512_update
fff3be21 t sha512_final
fff3be2d T HMAC
fff3be9e T HMAC_CTX_init
fff3bec8 T HMAC_Init_ex
fff3c041 T HMAC_Update
fff3c049 T HMAC_Final
fff3c0b3 T HMAC_CTX_cleanup
fff3c0e1 T CRYPTO_ghash_init
fff3c157 T CRYPTO_gcm128_init_key
fff3c1db T CRYPTO_gcm128_setiv
fff3c2ca T CRYPTO_gcm128_aad
fff3c378 T CRYPTO_gcm128_encrypt
fff3c64e T CRYPTO_gcm128_decrypt
fff3c90a T CRYPTO_gcm128_encrypt_ctr32
fff3cb03 T CRYPTO_gcm128_decrypt_ctr32
fff3cd06 T CRYPTO_gcm128_finish
fff3cdaa T CRYPTO_gcm128_tag
fff3cddf T gcm_init_nohw
fff3ce21 T gcm_gmult_nohw
fff3ce73 t gcm_polyval_nohw
fff3d01e T gcm_ghash_nohw
fff3d101 t gcm_mul64_nohw
fff3d179 t gcm_mul32_nohw
fff3d34c T CTR_DRBG_init
fff3d3e7 T CTR_DRBG_reseed
fff3d456 t ctr_drbg_update
fff3d4fb T CTR_DRBG_generate
fff3d68d T CTR_DRBG_clear
fff3d697 T RAND_bytes_with_additional_data
fff3d8a3 t rand_thread_state_free
fff3d8ac T RAND_bytes
fff3d8c0 T SHA512_Init
fff3d951 T SHA512
fff3da17 T SHA512_Update
fff3daf2 T SHA512_Final
fff3daf9 t sha512_final_impl
fff3dbfd t sha512_block_data_order
fff3e162 T HKDF
fff3e1c5 T HKDF_extract
fff3e232 T HKDF_expand
fff3e3dc T OPENSSL_malloc
fff3e41c T OPENSSL_free
fff3e47b T OPENSSL_cleanse
fff3e489 T CRYPTO_memcmp
fff3e4ae T rand_fork_unsafe_buffering_enabled
fff3e4d4 T CRYPTO_STATIC_MUTEX_lock_read
fff3e4d5 T CRYPTO_STATIC_MUTEX_unlock_read
fff3e4d6 T CRYPTO_once
fff3e4e4 T CRYPTO_get_thread_local
fff3e4ec T CRYPTO_set_thread_local
fff3e4f7 T avb_chain_partition_descriptor_validate_and_byteswap
fff3e633 T avb_sub_cmdline
fff3e827 T avb_append_options
fff3eb67 t cmdline_append_option
fff3ec2c t cmdline_append_hex
fff3ec66 T avb_new_cmdline_subst_list
fff3ec70 T avb_free_cmdline_subst_list
fff3eca5 T avb_add_root_digest_substitution
fff3ed39 t uint64_to_base10
fff3ed8d T avb_get_algorithm_data
fff3eda0 T avb_rsa_public_key_header_validate_and_byteswap
fff3edcf T avb_footer_validate_and_byteswap
fff3ee9c T avb_hashtree_descriptor_validate_and_byteswap
fff3f048 T avb_property_descriptor_validate_and_byteswap
fff3f155 T avb_property_lookup
fff3f1b9 t property_lookup_desc_foreach
fff3f24a T avb_sha256_init
fff3f26a T avb_sha256_update
fff3f306 t SHA256_transform
fff3f514 T avb_sha256_final
fff3f5e5 T avb_slot_verify
fff3fc48 t load_and_verify_vbmeta
fff411c4 T avb_slot_verify_data_free
fff41282 T avb_slot_verify_data_calculate_vbmeta_digest
fff41372 t read_persistent_digest
fff4161f t load_full_partition
fff417cf T avb_be32toh
fff417d2 T avb_be64toh
fff417dd T avb_safe_memcmp
fff41806 T avb_safe_add_to
fff4185c T avb_basename
fff4189a T avb_safe_add
fff418c3 T avb_validate_utf8
fff4192c T avb_str_concat
fff419ea T avb_malloc
fff41a2c T avb_calloc
fff41a4f T avb_strdup
fff41a7c T avb_strstr
fff41ab9 T avb_strv_find_str
fff41afe T avb_replace
fff41ca3 T avb_strdupv
fff41d9a T avb_uppercase
fff41db9 T avb_bin2hex
fff41e09 T avb_version_string
fff41e0f T avb_descriptor_validate_and_byteswap
fff41e73 T avb_descriptor_foreach
fff42103 T avb_descriptor_get_all
fff42172 t count_descriptors
fff42177 t set_descriptors
fff4218b T avb_hash_descriptor_validate_and_byteswap
fff422c7 T avb_kernel_cmdline_descriptor_validate_and_byteswap
fff423b3 T avb_rsa_verify
fff42862 t montMul
fff4298b T avb_sha512_init
fff429b7 T avb_sha512_update
fff42a53 t SHA512_transform
fff42eab T avb_sha512_final
fff42f89 T avb_memcmp
fff42f8e T avb_memcpy
fff42f93 T avb_memset
fff42f98 T avb_strcmp
fff42f9d T avb_strncmp
fff42fa2 T avb_strlen
fff42fa7 T avb_abort
fff42faf T avb_printv
fff42fe6 T avb_malloc_
fff42feb T avb_free
fff42ff0 T avb_div_by_10
fff43020 T avb_vbmeta_image_verify
fff435c1 T avb_vbmeta_image_header_to_host_byte_order
fff436e3 T avb_vbmeta_verify_result_to_string
fff4372b T DiceClearMemory
fff4374b T BccMainFlow
fff4386e T BccHandoverMainFlow
fff43bdf T DiceCoseEncodePublicKey
fff43cbd T DiceCoseSignAndEncodeSign1
fff43e56 T DiceGenerateCertificate
fff4422e T CborReadInt
fff4429a t CborPeekIntialValueAndArgument
fff44359 T CborReadBstr
fff44377 t CborReadStr
fff443d4 T CborReadArray
fff443ea t CborReadSize
fff44443 T CborReadMap
fff44459 T CborReadSkip
fff44537 T CborWriteInt
fff44562 t CborWriteType
fff44786 T CborWriteBstr
fff447a4 t CborWriteStr
fff447d5 T CborAllocBstr
fff447eb t CborAllocStr
fff4483f T CborWriteTstr
fff44862 T CborWriteArray
fff4487f T CborWriteMap
fff4489c T DiceDeriveCdiPrivateKeySeed
fff448c7 T DiceDeriveCdiCertificateId
fff448ff T DiceMainFlow
fff44b9a T DiceHexEncode
fff44bf5 T DiceHash
fff44c0f T DiceKdf
fff44c5c T DiceKeypairFromSeed
fff44c72 T DiceSign
fff44c96 T addBootConfigParameters
fff44d2c T addBootConfigTrailer
fff44dba T fdt_ro_probe_
fff44e16 T fdt_check_header
fff44ef1 T fdt_offset_ptr
fff44f3e T fdt_next_tag
fff45014 T fdt_check_node_offset_
fff45040 T fdt_check_prop_offset_
fff4506c T fdt_next_node
fff450f9 T fdt_first_subnode
fff45127 T fdt_next_subnode
fff45165 T fdt_find_string_
fff451ae T fdt_move
fff451ef T fdt_get_string
fff452a8 T fdt_get_mem_rsv
fff452f5 t fdt_mem_rsv
fff4531e T fdt_num_mem_rsv
fff45357 T fdt_subnode_offset_namelen
fff45413 T fdt_subnode_offset
fff4543b T fdt_path_offset_namelen
fff45505 T fdt_get_alias_namelen
fff45546 T fdt_path_offset
fff45564 T fdt_get_name
fff455d4 T fdt_first_property_offset
fff455f5 t nextprop_
fff45642 T fdt_next_property_offset
fff45663 t fdt_get_property_by_offset_
fff4569b T fdt_get_property_namelen
fff456d4 t fdt_get_property_namelen_
fff4575f T fdt_get_property
fff45790 T fdt_getprop_namelen
fff457e2 T fdt_getprop_by_offset
fff45864 T fdt_getprop
fff45895 T fdt_supernode_atdepth_offset
fff4592f T fdt_parent_offset
fff45978 T fdt_stringlist_search
fff45a19 T fdt_strerror
fff45a46 T fdt_add_mem_rsv
fff45abe t fdt_rw_probe_
fff45b10 t fdt_splice_mem_rsv_
fff45b61 T fdt_del_mem_rsv
fff45ba6 t fdt_splice_struct_
fff45be2 T fdt_setprop_placeholder
fff45c96 t fdt_add_property_
fff45db1 T fdt_setprop
fff45de9 T fdt_add_subnode_namelen
fff45ec0 T fdt_add_subnode
fff45ee8 T fdt_open_into
fff4605c t fdt_blocks_misordered_
fff46099 t fdt_packblocks_
fff4611a t fdt_splice_
fff4617e T fdt_address_cells
fff461a8 t fdt_cells
fff461e5 T fdt_size_cells
fff46202 T fdtdec_get_int
fff4622e T fdtdec_get_addr_size_fixed
fff462e8 T fdtdec_get_number
fff46307 T fdtdec_get_addr_size_auto_parent
fff46360 T fdtdec_get_pci_bar32
fff46389 T fdtdec_get_is_enabled
fff463bd T fdtdec_get_alias_seq
fff46499 T fdtdec_get_alias_highest_id
fff46549 T fdtdec_get_chosen_prop
fff46579 T fdtdec_prepare_fdt
fff465ca T fdtdec_get_bool
fff465e8 T fdt_get_resource
fff466f4 W board_fdt_blob_setup
fff46700 W fdtdec_board_setup
fff46703 T fdtdec_setup
fff46764 T qsort
fff46821 T strcmp_compar
fff4682a T hcreate_r
fff468ab T hdestroy_r
fff4690d T hmatch_r
fff46986 T hsearch_r
fff46dd4 T hdelete_r
fff46ea7 T hexport_r
fff47149 t cmpkey
fff47156 T himport_r
fff47455 t drop_var_from_set
fff474a3 T hwalk_r
fff474e2 t match_string
fff4755c T display_options_get_banner_priv
fff475e4 T display_options_get_banner
fff475fd T display_options
fff47635 T print_size
fff4773c W __div64_32
fff47830 T hang
fff4783f T kmalloc
fff47872 T strim
fff478b6 T lmb_dump_all
fff478b7 T arch_lmb_reserve_generic
fff47976 T lmb_reserve
fff47997 T lmb_init_and_reserve
fff47a0a t lmb_reserve_common
fff47a37 T lmb_init_and_reserve_range
fff47a8a T lmb_free
fff47c15 t lmb_remove_region
fff47c52 t lmb_add_region_flags
fff47f4b T lmb_reserve_flags
fff47f6e T lmb_alloc
fff47f87 T lmb_alloc_base
fff47fce T __lmb_alloc_base
fff48217 T lmb_alloc_addr
fff482e6 W board_lmb_reserve
fff482e7 T slre_compile
fff48409 t compile
fff48a2c T slre_match
fff48a99 t match
fff48dbe t get_escape_char
fff48e14 t quantifier
fff48edb t relocate
fff48f2a t loop_greedy
fff48fd4 t loop_non_greedy
fff4903a T strncasecmp
fff49092 T strcasecmp
fff4909a T strcpy
fff490aa T strncpy
fff490c0 T strlen
fff490d0 T strcat
fff490ed T strncat
fff49119 T strnlen
fff49138 T strcmp
fff4914f T strncmp
fff49181 T strchr
fff4919b T strrchr
fff491c4 T strdup
fff491f8 T strsep
fff49247 T memcmp
fff49269 T strstr
fff492c4 T memchr
fff492dd T get_tbclk
fff4930a T get_ticks
fff49364 W timer_init
fff49367 T usec_to_tick
fff493d7 T udelay
fff493fd T uuid_str_valid
fff49457 T uuid_guid_get_bin
fff4949f T uuid_guid_get_str
fff494d1 T uuid_str_to_bin
fff495ff T uuid_bin_to_str
fff496ab T rand
fff496cb t panic_finish
fff496f6 T panic
fff4970f t vsnprintf_internal
fff49de7 T snprintf
fff49e0e T sprintf
fff49e35 T printf
fff49e4d T vprintf
fff49e97 T simple_itoa
fff49ed2 t string16
fff49f9d t string
fff4a010 t number
fff4a28d t put_dec_trunc
fff4a354 t put_dec
fff4a4ae T simple_strtoul
fff4a542 T hextoul
fff4a54c T dectoul
fff4a556 T strict_strtoul
fff4a5b7 T simple_strtol
fff4a5d3 T ustrtoul
fff4a636 T ustrtoull
fff4a6a3 T simple_strtoull
fff4a735 T trailing_strtoln
fff4a794 T trailing_strtol
fff4a79b T rtc_calc_weekday
fff4a870 T __udivdi3
fff4a888 t _64bit_divide
fff4a9d8 T __umoddi3
fff4aa10 d _u_boot_list_2_cmd_2_ab_select
fff4aa10 d complete_cmdv.start
fff4aa10 d complete_cmdv.start.17
fff4aa10 d do_help.start
fff4aa10 d do_help.start.6
fff4aa10 d find_cmd.start
fff4aa10 d find_cmd.start.2
fff4aa2c d _u_boot_list_2_cmd_2_avb
fff4aa48 d _u_boot_list_2_cmd_2_boot
fff4aa64 d _u_boot_list_2_cmd_2_boot_android
fff4aa80 d _u_boot_list_2_cmd_2_bootd
fff4aa9c d _u_boot_list_2_cmd_2_bootefi
fff4aab8 d _u_boot_list_2_cmd_2_bootm
fff4aad4 d _u_boot_list_2_cmd_2_bootz
fff4aaf0 d _u_boot_list_2_cmd_2_date
fff4ab0c d _u_boot_list_2_cmd_2_dm
fff4ab28 d _u_boot_list_2_cmd_2_echo
fff4ab44 d _u_boot_list_2_cmd_2_env
fff4ab60 d _u_boot_list_2_cmd_2_exit
fff4ab7c d _u_boot_list_2_cmd_2_false
fff4ab98 d _u_boot_list_2_cmd_2_fatinfo
fff4abb4 d _u_boot_list_2_cmd_2_fatload
fff4abd0 d _u_boot_list_2_cmd_2_fatls
fff4abec d _u_boot_list_2_cmd_2_fatmkdir
fff4ac08 d _u_boot_list_2_cmd_2_fatrm
fff4ac24 d _u_boot_list_2_cmd_2_fatsize
fff4ac40 d _u_boot_list_2_cmd_2_fatwrite
fff4ac5c d _u_boot_list_2_cmd_2_fstype
fff4ac78 d _u_boot_list_2_cmd_2_fstypes
fff4ac94 d _u_boot_list_2_cmd_2_gpt
fff4acb0 d _u_boot_list_2_cmd_2_help
fff4accc d _u_boot_list_2_cmd_2_itest
fff4ace8 d _u_boot_list_2_cmd_2_ln
fff4ad04 d _u_boot_list_2_cmd_2_load
fff4ad20 d _u_boot_list_2_cmd_2_ls
fff4ad3c d _u_boot_list_2_cmd_2_mtrr
fff4ad58 d _u_boot_list_2_cmd_2_panic
fff4ad74 d _u_boot_list_2_cmd_2_part
fff4ad90 d _u_boot_list_2_cmd_2_printenv
fff4adac d _u_boot_list_2_cmd_2_question_mark
fff4adc8 d _u_boot_list_2_cmd_2_read
fff4ade4 d _u_boot_list_2_cmd_2_reset
fff4ae00 d _u_boot_list_2_cmd_2_run
fff4ae1c d _u_boot_list_2_cmd_2_save
fff4ae38 d _u_boot_list_2_cmd_2_setenv
fff4ae54 d _u_boot_list_2_cmd_2_setexpr
fff4ae70 d _u_boot_list_2_cmd_2_showvar
fff4ae8c d _u_boot_list_2_cmd_2_size
fff4aea8 d _u_boot_list_2_cmd_2_sleep
fff4aec4 d _u_boot_list_2_cmd_2_source
fff4aee0 d _u_boot_list_2_cmd_2_test
fff4aefc d _u_boot_list_2_cmd_2_true
fff4af18 d _u_boot_list_2_cmd_2_verified_boot_android
fff4af34 d _u_boot_list_2_cmd_2_version
fff4af50 d _u_boot_list_2_cmd_2_virtio
fff4af6c d _u_boot_list_2_cmd_2_zboot
fff4af88 d _u_boot_list_2_driver_2_cpu_bus
fff4af88 d complete_cmdv.end
fff4af88 d dm_dump_driver_compat.start
fff4af88 d dm_dump_driver_compat.start.4
fff4af88 d dm_dump_drivers.start
fff4af88 d dm_dump_drivers.start.11
fff4af88 d do_help.end
fff4af88 d efi_driver_init.start
fff4af88 d find_cmd.end
fff4af88 d fix_drivers.start
fff4af88 d fix_drivers.start.1
fff4af88 d lists_bind_fdt.start
fff4af88 d lists_bind_fdt.start.3
fff4af88 d lists_driver_lookup_name.start
fff4af88 d lists_driver_lookup_name.start.1
fff4afcc d _u_boot_list_2_driver_2_cpu_qemu_drv
fff4b010 d _u_boot_list_2_driver_2_cpu_x86_drv
fff4b054 d _u_boot_list_2_driver_2_dice
fff4b098 d _u_boot_list_2_driver_2_efi_blk
fff4b0dc d _u_boot_list_2_driver_2_efi_block
fff4b120 d _u_boot_list_2_driver_2_generic_syscon
fff4b164 d _u_boot_list_2_driver_2_irq_router_drv
fff4b1a8 d _u_boot_list_2_driver_2_motorola_mc146818
fff4b1ec d _u_boot_list_2_driver_2_ns16550_serial
fff4b230 d _u_boot_list_2_driver_2_pci_bridge_drv
fff4b274 d _u_boot_list_2_driver_2_pci_generic_drv
fff4b2b8 d _u_boot_list_2_driver_2_pci_x86
fff4b2fc d _u_boot_list_2_driver_2_qfw_pio
fff4b340 d _u_boot_list_2_driver_2_root_driver
fff4b384 d _u_boot_list_2_driver_2_virtio_blk
fff4b3c8 d _u_boot_list_2_driver_2_virtio_console
fff4b40c d _u_boot_list_2_driver_2_virtio_pci_modern
fff4b450 d _u_boot_list_2_driver_2_x86_reset
fff4b494 d _u_boot_list_2_driver_2_x86_tsc_timer
fff4b4d8 d _u_boot_list_2_driver_info_2_x86_qfw_pio
fff4b4d8 d bind_drivers_pass.start
fff4b4d8 d bind_drivers_pass.start.14
fff4b4d8 d dm_dump_driver_compat.end
fff4b4d8 d dm_dump_drivers.end
fff4b4d8 d dm_dump_static_driver_info.start
fff4b4d8 d dm_dump_static_driver_info.start.19
fff4b4d8 d efi_driver_init.end
fff4b4d8 d fix_devices.start
fff4b4d8 d fix_devices.start.3
fff4b4d8 d fix_drivers.end
fff4b4d8 d lists_bind_fdt.end
fff4b4d8 d lists_driver_lookup_name.end
fff4b4e0 d _u_boot_list_2_env_clbk_2_baudrate
fff4b4e0 d bind_drivers_pass.end
fff4b4e0 d dm_dump_static_driver_info.end
fff4b4e0 d find_env_callback.start
fff4b4e0 d find_env_callback.start.3
fff4b4e0 d fix_devices.end
fff4b4e8 d _u_boot_list_2_env_clbk_2_callbacks
fff4b4f0 d _u_boot_list_2_env_clbk_2_console
fff4b4f8 d _u_boot_list_2_env_clbk_2_flags
fff4b500 d _u_boot_list_2_env_clbk_2_loadaddr
fff4b508 d _env_driver_lookup.start
fff4b508 d _env_driver_lookup.start.11
fff4b508 d _u_boot_list_2_env_driver_2_nowhere
fff4b508 d env_select.start
fff4b508 d env_select.start.8
fff4b508 d find_env_callback.end
fff4b520 d _env_driver_lookup.end
fff4b520 d _u_boot_list_2_part_driver_2_a_efi
fff4b520 d do_part_types.start
fff4b520 d do_part_types.start.18
fff4b520 d env_select.end
fff4b520 d part_driver_get_count.start
fff4b520 d part_driver_get_first.start
fff4b520 d part_driver_lookup_type.start
fff4b520 d part_driver_lookup_type.start.44
fff4b520 d part_init.start
fff4b520 d part_init.start.18
fff4b538 d _u_boot_list_2_part_driver_2_dos
fff4b550 d _u_boot_list_2_pci_driver_entry_2_virtio_pci_modern
fff4b550 d do_part_types.end
fff4b550 d part_driver_get_count.end
fff4b550 d part_driver_lookup_type.end
fff4b550 d part_init.end
fff4b550 d pci_find_and_bind_driver.start
fff4b550 d pci_find_and_bind_driver.start.15
fff4b558 d _u_boot_list_2_uclass_driver_2_blk
fff4b558 d fix_uclass.start
fff4b558 d fix_uclass.start.2
fff4b558 d lists_uclass_lookup.start
fff4b558 d lists_uclass_lookup.start.2
fff4b558 d pci_find_and_bind_driver.end
fff4b5a0 d _u_boot_list_2_uclass_driver_2_cpu
fff4b5e8 d _u_boot_list_2_uclass_driver_2_dice
fff4b630 d _u_boot_list_2_uclass_driver_2_efi
fff4b678 d _u_boot_list_2_uclass_driver_2_irq
fff4b6c0 d _u_boot_list_2_uclass_driver_2_lpc
fff4b708 d _u_boot_list_2_uclass_driver_2_nop
fff4b750 d _u_boot_list_2_uclass_driver_2_northbridge
fff4b798 d _u_boot_list_2_uclass_driver_2_pch
fff4b7e0 d _u_boot_list_2_uclass_driver_2_pci
fff4b828 d _u_boot_list_2_uclass_driver_2_pci_generic
fff4b870 d _u_boot_list_2_uclass_driver_2_qfw
fff4b8b8 d _u_boot_list_2_uclass_driver_2_rng
fff4b900 d _u_boot_list_2_uclass_driver_2_root
fff4b948 d _u_boot_list_2_uclass_driver_2_rtc
fff4b990 d _u_boot_list_2_uclass_driver_2_serial
fff4b9d8 d _u_boot_list_2_uclass_driver_2_syscon
fff4ba20 d _u_boot_list_2_uclass_driver_2_sysreset
fff4ba68 d _u_boot_list_2_uclass_driver_2_timer
fff4bab0 d _u_boot_list_2_uclass_driver_2_virtio
fff4baf8 d fix_uclass.end
fff4baf8 d lists_uclass_lookup.end
fff4bb00 r K512
fff4bd80 r .L__const.getrng.rng_raw_guid
fff4bd90 r efi_block_io_guid
fff4bda0 r efi_file_info_guid
fff4bdb0 r efi_file_system_info_guid
fff4bdc0 r efi_global_variable_guid
fff4bdd0 r efi_guid_device_path
fff4bde0 r efi_guid_device_path_to_text_protocol
fff4bdf0 r efi_guid_device_path_utilities_protocol
fff4be00 r efi_guid_driver_binding_protocol
fff4be10 r efi_guid_dt_fixup_protocol
fff4be20 r efi_guid_event_group_before_exit_boot_services
fff4be30 r efi_guid_event_group_exit_boot_services
fff4be40 r efi_guid_event_group_memory_map_change
fff4be50 r efi_guid_event_group_reset_system
fff4be60 r efi_guid_fdt
fff4be70 r efi_guid_hii_database_protocol
fff4be80 r efi_guid_hii_string_protocol
fff4be90 r efi_guid_image_security_database
fff4bea0 r efi_guid_load_file2_protocol
fff4beb0 r efi_guid_load_file_protocol
fff4bec0 r efi_guid_loaded_image
fff4bed0 r efi_guid_loaded_image_device_path
fff4bee0 r efi_guid_rng_protocol
fff4bef0 r efi_guid_text_input_ex_protocol
fff4bf00 r efi_guid_text_input_protocol
fff4bf10 r efi_guid_text_output_protocol
fff4bf20 r efi_guid_unicode_collation_protocol2
fff4bf30 r efi_guid_virtio_dev
fff4bf40 r efi_lf2_initrd_guid
fff4bf50 r efi_rt_properties_table_guid
fff4bf60 r efi_simple_file_system_protocol_guid
fff4bf70 r efi_system_partition_guid
fff4bf80 r efi_system_volume_label_id
fff4bf90 r efi_u_boot_guid
fff4bfa0 r list_guid
fff4c078 r partition_basic_data_guid
fff4c088 r sha512_h0
fff4c0c8 r sha512_k
fff4c348 r shim_lock_guid
fff4c358 r system_guid
fff4c494 r avb_pubkey_size
fff4c4b8 r baudrate_table
fff4c4cc r bcc_to_dice_mode
fff4c508 r block_io_disk_template
fff4c524 r boot_os
fff4c56c r bootloader_id
fff4c6cc r color
fff4c738 r cpu_qemu_ids
fff4c748 r cpu_qemu_ops
fff4c75c r cpu_x86_ids
fff4c76c r cpu_x86_ops
fff4c780 r env_flags_varaccess_mask
fff4c7f0 r sha256_h0
fff4c810 r d2
fff4c890 r dice_match
fff4c90c r driver_ops
fff4c918 r e820_type_name
fff4c940 r efi_blk_ops
fff4ca9c r efi_device_path_to_text
fff4caa4 r efi_device_path_utilities
fff4cac4 r efi_file_handle_protocol
fff4cb04 r efi_hii_database
fff4cb30 r efi_hii_string
fff4cb44 r efi_lf2_protocol
fff4cb74 r efi_rng_protocol
fff4cb7c r efi_unicode_collation_protocol2
fff4cba8 r exceptions
fff4cc28 r fdt_errtable
fff4cc98 r freq_desc_tables
fff4cdb0 r fstypes
fff4ce38 r generic_syscon_ids
fff4ce80 r if_type_uclass_id
fff4cebc r if_typename_str
fff4cf7c r init_sequence_f
fff4d03c r init_sequence_f_r
fff4d044 r irq_router_ids
fff4d054 r kLibraryNames
fff4d170 r month_offset
fff4d1a0 r mtrr_type_name
fff4d1bc r name_type
fff4d21c r ns16550_serial_ids
fff4d24c r ns16550_serial_ops
fff4d26c r op_adv
fff4d36c r op_table
fff4d3ec r pci_bridge_ids
fff4d3fc r pci_bridge_ops
fff4d404 r pci_generic_ids
fff4d414 r pci_x86_ids
fff4d424 r pci_x86_ops
fff4d42c r reserved_list
fff4d4b0 r rtc_mc146818_ids
fff4d4c0 r rtc_mc146818_ops
fff4d4ec r sha256_k
fff4d5ec r tsc_timer_ids
fff4d5fc r tsc_timer_ops
fff4d600 r uimage_comp
fff4d660 r uimage_os
fff4d6fc r uimage_type
fff4d910 r virtio_blk_ops
fff4d920 r virtio_console_serial_ops
fff4d940 r virtio_drv_name
fff4d974 r virtio_pci_ops
fff4da18 r weekdays
fff4da34 r x86_sysreset_ids
fff4da44 r x86_vendor_name
fff4da70 r x86_vendors
fff4dac8 r END
fff4dacc r ROOT
fff4dae0 r capitalization_table
fff4e9b0 r codepage_437
fff4eab0 r distfix
fff4eb30 r dp_lf2_handle
fff4eb48 r inflate.order
fff4eb6e r inflate_table.dbase
fff4ebae r inflate_table.dext
fff4ebee r inflate_table.lbase
fff4ec2c r inflate_table.lext
fff4ec6a r lenfix
fff4f5f5 r CTR_DRBG_init.kInitMask
fff4f625 r LONG_ONLY_CHARS
fff4f62c r RAND_bytes.kZeroAdditionalData
fff4f64c r _ctype
fff4f74c r aes_nohw_rcon
fff4f756 r android_bootloader_boot_flow.km_name
fff4f767 r avb_pubkey
fff4fb80 r number.digits
fff4fb90 r default_environment
fff4fcf8 r env_flags_varaccess_rep
fff4fcfd r env_flags_vartype_rep
fff4fd02 r erase_seq
fff4fd06 r extract_keymint_relevant_data.boot_patchlevel_key
fff4fd2c r extract_keymint_relevant_data.system_patchlevel_key
fff4fd54 r extract_keymint_relevant_data.system_version_key
fff4fd78 r extract_keymint_relevant_data.vendor_patchlevel_key
fff4fda0 r hex_asc
fff4fdb1 r illegal
fff4fdc2 r k25519SmallPrecomp
fff50182 r kAsymSalt
fff501c2 r kBoringSSLBinaryTag
fff501d4 r kIdSalt
fff50214 r padding_RSA2048_SHA256
fff502f4 r padding_RSA2048_SHA512
fff503b4 r padding_RSA4096_SHA256
fff50594 r padding_RSA4096_SHA512
fff50754 r padding_RSA8192_SHA256
fff50b34 r padding_RSA8192_SHA512
fff50ef4 r print_size.names
fff57a6e r .L.str.8
fff57aca r .L.str.17
fff57acf r .L.str.18
fff5d6dc r tab_seq
fff5d6e5 r version_string
fff5d725 r vm_instance_hdr_magic
fff5d740 D gdt64
fff5d740 d gdt
fff5d770 d gdt_end
fff5d770 d load_flags
fff5d790 d xload_flags
fff5d7b8 d zboot_subcmds
fff5d860 d image_load_addr
fff5d864 d bootm_help_text
fff5dbf4 d cmd_bootm_sub
fff5dcf0 d source_help_text
fff5dd3e d bootefi_help_text
fff5dec9 d bootz_help_text
fff5e0d4 d default_tm
fff5e0f8 d test_commands
fff5e1a0 d cmd_avb
fff5e29c d env_id
fff5e2a0 d env_help_text
fff5e470 d cmd_env_sub
fff5e534 d init_sequence_r
fff5e5b0 d hist_cur
fff5e5b4 d av_
fff5e9bc d trim_threshold
fff5e9c0 d sbrk_base
fff5e9c4 d stdio_names
fff5e9d0 d root_info
fff5e9d8 d x86_sysreset_ops
fff5e9e4 d virtio_pci_supported
fff5f100 d _stats
fff5f114 d block_cache
fff5f11c d qfw_pio_ops
fff5f124 d env_htab
fff5f134 d efi_obj_list
fff5f13c d efi_event_queue
fff5f144 d efi_register_notify_events
fff5f14c d entry_count
fff5f150 d efi_boot_services
fff5f218 d efi_tpl
fff5f21c d efi_con_mode
fff5f234 d efi_con_out
fff5f25c d efi_con_in
fff5f268 d efi_con_in_ex
fff5f280 d efi_cout_modes
fff5f2a4 d cin_notify_functions
fff5f2ac d efi_dt_fixup_prot
fff5f2b8 d efi_package_lists
fff5f2c0 d efi_keyboard_layout_list
fff5f2c8 d efi_mem
fff5f2d0 d efi_obj_list_initialized
fff5f2d4 d sha256_padding
fff5f314 d algorithm_data
fff5f368 d y
fff5f37c d _GLOBAL_OFFSET_TABLE_
fff5f37c d __efi_runtime_rel_start
fff5f4d4 A __data_end
fff5f4d4 A __init_end
fff5f4d4 d __efi_runtime_rel_stop
fff5f4e4 A __rel_dyn_start
fff5f4e4 B __bss_start
fff5f4e4 b i440fx
fff5f4f0 b idt
fff5fcf0 b idt_ptr
fff5fcf8 b irq_handlers
fff5fdb8 b spurious_irq_cnt
fff5fdbc b state
fff5fdd8 b images
fff5ffec b image_addr
fff5fff0 b image_size
fff5fff4 b bootefi_device_path
fff5fff8 b bootefi_image_path
fff5fffc b virtio_curr_dev
fff60000 b avb_ops
fff60004 b top_vars
fff60008 b get_dollar_var.buf
fff60030 b last_return_code
fff60034 b flag_repeat
fff60038 b ifs
fff6003c b map
fff6013c b do_repeat
fff6013d b get_user_input.the_command
fff60340 b stored_bootdelay
fff60344 b monitor_flash_len
fff60348 b console_buffer
fff6054c b cli_readline_into_buffer.initted
fff60550 b hist_max
fff60554 b hist_add_idx
fff60558 b hist_num
fff6055c b hist_lines
fff62d70 b hist_list
fff62dc0 b ctrlc_disabled
fff62dc4 b ctrlc_was_pressed
fff62dc8 b mem_malloc_start
fff62dcc b mem_malloc_end
fff62dd0 b mem_malloc_brk
fff62dd4 b top_pad
fff62dd8 b max_sbrked_mem
fff62ddc b max_total_mem
fff62de0 b current_mallinfo.0
fff62de4 b stdio_devices
fff62df0 b devs
fff62e3c b env_complete_buf
fff6303c b tmp_buf
fff63240 b bcc_handover_buffer
fff63244 b bcc_handover_buffer_size
fff63248 b print_efiname.name
fff6326e b mode_info
fff63374 b virtio_iommu_platform_ops
fff63378 b virtio_pci_bind.num_devs
fff6337c b first_call
fff63380 b flags_list
fff63384 b first_call
fff63388 b callback_list
fff6338c b fs_type
fff63390 b fs_dev_desc
fff63394 b fs_partition
fff63430 b fs_dev_part
fff63434 b cur_dev
fff63438 b cur_part_info
fff634d4 b total_sector
fff634d8 b get_set_cluster.tmpbuf_cluster
fff634dc b bs
fff634e0 b rs
fff634e4 b timers_enabled
fff634e8 b current_image
fff634ec b efi_st_keep_devices
fff634f0 b efi_get_next_monotonic_count.mono
fff634f8 b console_timer_event
fff634fc b key_available
fff63500 b next_key
fff6350c b efi_memory_map_key
fff63510 b efi_root
fff63514 b watchdog_timer_event
fff63518 b efi_system_partition
fff63524 b efi_initrd_handle
fff63528 b binman
fff6352c b EVP_aead_aes_256_gcm_randnonce_once
fff63530 b EVP_aead_aes_256_gcm_randnonce_storage
fff63558 b EVP_sha512_once
fff6355c b EVP_sha512_storage
fff6357c b g_lock
fff63580 b g_buffering_enabled
fff63584 b g_thread_locals
fff63594 b errno
fff63598 b local_toa
fff635b0 B __bss_end
fff6ae5c A __rel_dyn_end
fff6ae5c A _end
